GAS LISTING /tmp/cc2MgwbK.s 			page 1


   1              		.file	"syscall_c.cpp"
   2              		.option pic
   3              		.option norelax
   4              		.attribute arch, "rv64i2p1_m2p0_a2p1_zicsr2p0"
   5              		.attribute unaligned_access, 0
   6              		.attribute stack_align, 16
   7              		.text
   8              		.align	2
   9              		.globl	thread_delete
  11              	thread_delete:
  12              	.LFB0:
  13              		.cfi_startproc
  14 0000 130101FF 		addi	sp,sp,-16
  15              		.cfi_def_cfa_offset 16
  16 0004 23348100 		sd	s0,8(sp)
  17              		.cfi_offset 8, -8
  18 0008 13040101 		addi	s0,sp,16
  19              		.cfi_def_cfa 8, 0
  20              	#APP
  21              	# 10 "src/user/syscall_c.cpp" 1
   1              	#include"../../lib/hw.h"
   2              	#include"../../h/_thread.h"
   3              	#include"../../h/_semaphore.h"
   4              	
   5              	
   6              	extern "C" int thread_delete(void* addr)
   7              	{
   8              	    int ret = 0;
   9              	
  10 000c 93050500 	    asm volatile("mv a1, %0" : : "r" (addr));
  11              	    asm volatile("mv a0, %0" : : "r" (0x69));
  22              		mv a1, a0
  23              	# 0 "" 2
  24              	#NO_APP
  25 0010 93079006 		li	a5,105
  26              	#APP
  27              	# 11 "src/user/syscall_c.cpp" 1
  12              	    asm volatile("ecall");
  28              		mv a0, a5
  29              	# 0 "" 2
  30              	# 12 "src/user/syscall_c.cpp" 1
  13              	
  31              		ecall
  32              	# 0 "" 2
  33              	#NO_APP
  34 001c 13050000 		li	a0,0
  35 0020 03348100 		ld	s0,8(sp)
  36              		.cfi_restore 8
  37              		.cfi_def_cfa 2, 16
  38 0024 13010101 		addi	sp,sp,16
  39              		.cfi_def_cfa_offset 0
  40 0028 67800000 		jr	ra
  41              		.cfi_endproc
  42              	.LFE0:
  44              		.align	2
  45              		.globl	_ZN7_threaddlEPv
  47              	_ZN7_threaddlEPv:
GAS LISTING /tmp/cc2MgwbK.s 			page 2


  48              	.LFB1:
  49              		.cfi_startproc
  50 002c 130101FF 		addi	sp,sp,-16
  51              		.cfi_def_cfa_offset 16
  52 0030 23341100 		sd	ra,8(sp)
  53 0034 23308100 		sd	s0,0(sp)
  54              		.cfi_offset 1, -8
  55              		.cfi_offset 8, -16
  56 0038 13040101 		addi	s0,sp,16
  57              		.cfi_def_cfa 8, 0
  58 003c 97000000 		call	thread_delete
  58      E7800000 
  59 0044 83308100 		ld	ra,8(sp)
  60              		.cfi_restore 1
  61 0048 03340100 		ld	s0,0(sp)
  62              		.cfi_restore 8
  63              		.cfi_def_cfa 2, 16
  64 004c 13010101 		addi	sp,sp,16
  65              		.cfi_def_cfa_offset 0
  66 0050 67800000 		jr	ra
  67              		.cfi_endproc
  68              	.LFE1:
  70              		.align	2
  71              		.globl	mem_alloc
  73              	mem_alloc:
  74              	.LFB2:
  75              		.cfi_startproc
  76 0054 130101FF 		addi	sp,sp,-16
  77              		.cfi_def_cfa_offset 16
  78 0058 23348100 		sd	s0,8(sp)
  79              		.cfi_offset 8, -8
  80 005c 13040101 		addi	s0,sp,16
  81              		.cfi_def_cfa 8, 0
  82 0060 1305F5FF 		addi	a0,a0,-1
  83 0064 13556500 		srli	a0,a0,6
  84 0068 13051500 		addi	a0,a0,1
  85              	#APP
  86              	# 29 "src/user/syscall_c.cpp" 1
  14              	    return ret;
  15              	}
  16              	
  17              	
  18              	void _thread::operator delete(void* ptr){
  19              	    thread_delete(ptr);
  20              	}
  21              	
  22              	
  23              	
  24              	extern "C" void* mem_alloc(size_t size)
  25              	{
  26              	    size_t szblcks = (size-1)/MEM_BLOCK_SIZE + 1;
  27              	    char* adr = 0;
  28              	
  29 006c 93050500 	    __asm__ volatile("mv a1, %0" : : "r" (szblcks));
  30              	    __asm__ volatile("mv a0, %0" : : "r" (0x1));
  87              		mv a1, a0
  88              	# 0 "" 2
GAS LISTING /tmp/cc2MgwbK.s 			page 3


  89              	#NO_APP
  90 0070 93071000 		li	a5,1
  91              	#APP
  92              	# 30 "src/user/syscall_c.cpp" 1
  31              	    __asm__ volatile("ecall");
  93              		mv a0, a5
  94              	# 0 "" 2
  95              	# 31 "src/user/syscall_c.cpp" 1
  32              	    __asm__ volatile("mv %0, a0" : "=r" (adr));
  96              		ecall
  97              	# 0 "" 2
  98              	# 32 "src/user/syscall_c.cpp" 1
  33              	    
  99              		mv a0, a0
 100              	# 0 "" 2
 101              	#NO_APP
 102 0080 03348100 		ld	s0,8(sp)
 103              		.cfi_restore 8
 104              		.cfi_def_cfa 2, 16
 105 0084 13010101 		addi	sp,sp,16
 106              		.cfi_def_cfa_offset 0
 107 0088 67800000 		jr	ra
 108              		.cfi_endproc
 109              	.LFE2:
 111              		.align	2
 112              		.globl	mem_free
 114              	mem_free:
 115              	.LFB3:
 116              		.cfi_startproc
 117 008c 130101FF 		addi	sp,sp,-16
 118              		.cfi_def_cfa_offset 16
 119 0090 23348100 		sd	s0,8(sp)
 120              		.cfi_offset 8, -8
 121 0094 13040101 		addi	s0,sp,16
 122              		.cfi_def_cfa 8, 0
 123              	#APP
 124              	# 41 "src/user/syscall_c.cpp" 1
  34              	    return adr;  
  35              	}
  36              	
  37              	extern "C" int mem_free (void* adr)
  38              	{
  39              	    int ret;
  40              	
  41 0098 93050500 	    __asm__ volatile("mv a1, %0" : : "r" ((uint64)adr));
  42              	    __asm__ volatile("mv a0, %0" : : "r" (0x2));
 125              		mv a1, a0
 126              	# 0 "" 2
 127              	#NO_APP
 128 009c 93072000 		li	a5,2
 129              	#APP
 130              	# 42 "src/user/syscall_c.cpp" 1
  43              	    __asm__ volatile("ecall");
 131              		mv a0, a5
 132              	# 0 "" 2
 133              	# 43 "src/user/syscall_c.cpp" 1
  44              	    __asm__ volatile("mv %0, a0" : "=r" (ret));
GAS LISTING /tmp/cc2MgwbK.s 			page 4


 134              		ecall
 135              	# 0 "" 2
 136              	# 44 "src/user/syscall_c.cpp" 1
  45              	    
 137              		mv a0, a0
 138              	# 0 "" 2
 139              	#NO_APP
 140 00ac 1B050500 		sext.w	a0,a0
 141 00b0 03348100 		ld	s0,8(sp)
 142              		.cfi_restore 8
 143              		.cfi_def_cfa 2, 16
 144 00b4 13010101 		addi	sp,sp,16
 145              		.cfi_def_cfa_offset 0
 146 00b8 67800000 		jr	ra
 147              		.cfi_endproc
 148              	.LFE3:
 150              		.align	2
 151              		.globl	thread_dispatch
 153              	thread_dispatch:
 154              	.LFB4:
 155              		.cfi_startproc
 156 00bc 130101FF 		addi	sp,sp,-16
 157              		.cfi_def_cfa_offset 16
 158 00c0 23348100 		sd	s0,8(sp)
 159              		.cfi_offset 8, -8
 160 00c4 13040101 		addi	s0,sp,16
 161              		.cfi_def_cfa 8, 0
 162 00c8 93073001 		li	a5,19
 163              	#APP
 164              	# 51 "src/user/syscall_c.cpp" 1
  46              	    return ret;
  47              	}
  48              	
  49              	extern "C" void thread_dispatch()
  50              	{
  51 00cc 13850700 	    __asm__ volatile("mv a0, %0" : : "r" (0x13));
  52              	    __asm__ volatile("ecall");
 165              		mv a0, a5
 166              	# 0 "" 2
 167              	# 52 "src/user/syscall_c.cpp" 1
  53              	}
 168              		ecall
 169              	# 0 "" 2
 170              	#NO_APP
 171 00d4 03348100 		ld	s0,8(sp)
 172              		.cfi_restore 8
 173              		.cfi_def_cfa 2, 16
 174 00d8 13010101 		addi	sp,sp,16
 175              		.cfi_def_cfa_offset 0
 176 00dc 67800000 		jr	ra
 177              		.cfi_endproc
 178              	.LFE4:
 180              		.align	2
 181              		.globl	thread_create
 183              	thread_create:
 184              	.LFB5:
 185              		.cfi_startproc
GAS LISTING /tmp/cc2MgwbK.s 			page 5


 186 00e0 630E0506 		beq	a0,zero,.L13
 187 00e4 130101FD 		addi	sp,sp,-48
 188              		.cfi_def_cfa_offset 48
 189 00e8 23341102 		sd	ra,40(sp)
 190 00ec 23308102 		sd	s0,32(sp)
 191 00f0 233C9100 		sd	s1,24(sp)
 192 00f4 23382101 		sd	s2,16(sp)
 193 00f8 23343101 		sd	s3,8(sp)
 194              		.cfi_offset 1, -8
 195              		.cfi_offset 8, -16
 196              		.cfi_offset 9, -24
 197              		.cfi_offset 18, -32
 198              		.cfi_offset 19, -40
 199 00fc 13040103 		addi	s0,sp,48
 200              		.cfi_def_cfa 8, 0
 201 0100 93040500 		mv	s1,a0
 202 0104 13890500 		mv	s2,a1
 203 0108 93090600 		mv	s3,a2
 204 010c 638C0504 		beq	a1,zero,.L14
 205 0110 37150000 		li	a0,4096
 206 0114 97000000 		call	mem_alloc
 206      E7800000 
 207 011c 63080504 		beq	a0,zero,.L15
 208              	#APP
 209              	# 68 "src/user/syscall_c.cpp" 1
  54              	
  55              	extern "C" int thread_create(thread_t* handle, 
  56              	    void(*start_routine)(void*), void* arg)
  57              	{
  58              	   
  59              	    if(handle == nullptr) return -1;
  60              	    if(start_routine == nullptr) return -2;
  61              	
  62              	    void* stack_space = mem_alloc(DEFAULT_STACK_SIZE);
  63              	    if(stack_space == nullptr) return -3;
  64              	    //print("stack_space:", (uint64)stack_space, 0);
  65              	
  66              	    int ret = 0;
  67              	
  68 0120 13070500 	    asm volatile("mv a4, %0" : : "r" ((uint64)stack_space));
  69              	    asm volatile("mv a3, %0" : : "r" ((uint64)arg));
 210              		mv a4, a0
 211              	# 0 "" 2
 212              	# 69 "src/user/syscall_c.cpp" 1
  70              	    asm volatile("mv a2, %0" : : "r" ((uint64)start_routine));
 213              		mv a3, s3
 214              	# 0 "" 2
 215              	# 70 "src/user/syscall_c.cpp" 1
  71              	    asm volatile("mv a1, %0" : : "r" ((uint64)handle));
 216              		mv a2, s2
 217              	# 0 "" 2
 218              	# 71 "src/user/syscall_c.cpp" 1
  72              	    asm volatile("li a0, 0x11");
 219              		mv a1, s1
 220              	# 0 "" 2
 221              	# 72 "src/user/syscall_c.cpp" 1
  73              	    
GAS LISTING /tmp/cc2MgwbK.s 			page 6


 222              		li a0, 0x11
 223              	# 0 "" 2
 224              	# 74 "src/user/syscall_c.cpp" 1
  74 0134 73000000 	    asm volatile("ecall");   
  75              	
 225              		ecall
 226              	# 0 "" 2
 227              	# 76 "src/user/syscall_c.cpp" 1
  76 0138 13050500 	    asm volatile("mv %0, a0" : "=r" (ret));
  77              	    return ret;
 228              		mv a0, a0
 229              	# 0 "" 2
 230              	#NO_APP
 231 013c 1B050500 		sext.w	a0,a0
 232              	.L12:
 233 0140 83308102 		ld	ra,40(sp)
 234              		.cfi_restore 1
 235 0144 03340102 		ld	s0,32(sp)
 236              		.cfi_restore 8
 237              		.cfi_def_cfa 2, 48
 238 0148 83348101 		ld	s1,24(sp)
 239              		.cfi_restore 9
 240 014c 03390101 		ld	s2,16(sp)
 241              		.cfi_restore 18
 242 0150 83398100 		ld	s3,8(sp)
 243              		.cfi_restore 19
 244 0154 13010103 		addi	sp,sp,48
 245              		.cfi_def_cfa_offset 0
 246 0158 67800000 		jr	ra
 247              	.L13:
 248 015c 1305F0FF 		li	a0,-1
 249 0160 67800000 		ret
 250              	.L14:
 251              		.cfi_def_cfa_register 8
 252              		.cfi_offset 1, -8
 253              		.cfi_offset 8, -16
 254              		.cfi_offset 9, -24
 255              		.cfi_offset 18, -32
 256              		.cfi_offset 19, -40
 257 0164 1305E0FF 		li	a0,-2
 258 0168 6FF09FFD 		j	.L12
 259              	.L15:
 260 016c 1305D0FF 		li	a0,-3
 261 0170 6FF01FFD 		j	.L12
 262              		.cfi_endproc
 263              	.LFE5:
 265              		.align	2
 266              		.globl	thread_exit
 268              	thread_exit:
 269              	.LFB6:
 270              		.cfi_startproc
 271 0174 130101FF 		addi	sp,sp,-16
 272              		.cfi_def_cfa_offset 16
 273 0178 23348100 		sd	s0,8(sp)
 274              		.cfi_offset 8, -8
 275 017c 13040101 		addi	s0,sp,16
 276              		.cfi_def_cfa 8, 0
GAS LISTING /tmp/cc2MgwbK.s 			page 7


 277              	#APP
 278              	# 84 "src/user/syscall_c.cpp" 1
  78              	}
  79              	
  80              	extern "C" int thread_exit()
  81              	{
  82              	    int ret = 0;
  83              	
  84 0180 13052001 	    asm volatile("li a0, 0x12");
  85              	    asm volatile("ecall");
 279              		li a0, 0x12
 280              	# 0 "" 2
 281              	# 85 "src/user/syscall_c.cpp" 1
  86              	
 282              		ecall
 283              	# 0 "" 2
 284              	#NO_APP
 285 0188 13050000 		li	a0,0
 286 018c 03348100 		ld	s0,8(sp)
 287              		.cfi_restore 8
 288              		.cfi_def_cfa 2, 16
 289 0190 13010101 		addi	sp,sp,16
 290              		.cfi_def_cfa_offset 0
 291 0194 67800000 		jr	ra
 292              		.cfi_endproc
 293              	.LFE6:
 295              		.align	2
 296              		.globl	sem_open
 298              	sem_open:
 299              	.LFB7:
 300              		.cfi_startproc
 301 0198 130101FF 		addi	sp,sp,-16
 302              		.cfi_def_cfa_offset 16
 303 019c 23348100 		sd	s0,8(sp)
 304              		.cfi_offset 8, -8
 305 01a0 13040101 		addi	s0,sp,16
 306              		.cfi_def_cfa 8, 0
 307 01a4 63040502 		beq	a0,zero,.L24
 308              	#APP
 309              	# 97 "src/user/syscall_c.cpp" 1
  87              	    return ret;
  88              	}
  89              	
  90              	
  91              	
  92              	extern "C" int sem_open(sem_t* handle, unsigned val)
  93              	{
  94              	    int ret = 0;
  95              	    if(handle == nullptr) return -1;
  96              	
  97 01a8 13860500 	    asm volatile("mv a2, %0" : : "r" (val));
  98              	    asm volatile("mv a1, %0" : : "r" (handle));
 310              		mv a2, a1
 311              	# 0 "" 2
 312              	# 98 "src/user/syscall_c.cpp" 1
  99              	    asm volatile("li a0, 0x21");
 313              		mv a1, a0
GAS LISTING /tmp/cc2MgwbK.s 			page 8


 314              	# 0 "" 2
 315              	# 99 "src/user/syscall_c.cpp" 1
 100              	    asm volatile("ecall");
 316              		li a0, 0x21
 317              	# 0 "" 2
 318              	# 100 "src/user/syscall_c.cpp" 1
 101              	
 319              		ecall
 320              	# 0 "" 2
 321              	# 102 "src/user/syscall_c.cpp" 1
 102 01b8 13050500 	    asm volatile("mv %0, a0" : "=r" (ret));
 103              	    return ret;
 322              		mv a0, a0
 323              	# 0 "" 2
 324              	#NO_APP
 325 01bc 1B050500 		sext.w	a0,a0
 326              	.L23:
 327 01c0 03348100 		ld	s0,8(sp)
 328              		.cfi_remember_state
 329              		.cfi_restore 8
 330              		.cfi_def_cfa 2, 16
 331 01c4 13010101 		addi	sp,sp,16
 332              		.cfi_def_cfa_offset 0
 333 01c8 67800000 		jr	ra
 334              	.L24:
 335              		.cfi_restore_state
 336 01cc 1305F0FF 		li	a0,-1
 337 01d0 6FF01FFF 		j	.L23
 338              		.cfi_endproc
 339              	.LFE7:
 341              		.align	2
 342              		.globl	sem_close
 344              	sem_close:
 345              	.LFB8:
 346              		.cfi_startproc
 347 01d4 130101FF 		addi	sp,sp,-16
 348              		.cfi_def_cfa_offset 16
 349 01d8 23348100 		sd	s0,8(sp)
 350              		.cfi_offset 8, -8
 351 01dc 13040101 		addi	s0,sp,16
 352              		.cfi_def_cfa 8, 0
 353 01e0 63020502 		beq	a0,zero,.L28
 354              	#APP
 355              	# 111 "src/user/syscall_c.cpp" 1
 104              	}
 105              	
 106              	extern "C" int sem_close(sem_t handle)
 107              	{
 108              	    int ret = 0;
 109              	    if(handle == nullptr) return -1;
 110              	
 111 01e4 93050500 	    asm volatile("mv a1, %0" : : "r" (handle));
 112              	    asm volatile("li a0, 0x22");
 356              		mv a1, a0
 357              	# 0 "" 2
 358              	# 112 "src/user/syscall_c.cpp" 1
 113              	    asm volatile("ecall");
GAS LISTING /tmp/cc2MgwbK.s 			page 9


 359              		li a0, 0x22
 360              	# 0 "" 2
 361              	# 113 "src/user/syscall_c.cpp" 1
 114              	
 362              		ecall
 363              	# 0 "" 2
 364              	# 115 "src/user/syscall_c.cpp" 1
 115 01f0 13050500 	    asm volatile("mv %0, a0" : "=r" (ret));
 116              	    return ret;
 365              		mv a0, a0
 366              	# 0 "" 2
 367              	#NO_APP
 368 01f4 1B050500 		sext.w	a0,a0
 369              	.L27:
 370 01f8 03348100 		ld	s0,8(sp)
 371              		.cfi_remember_state
 372              		.cfi_restore 8
 373              		.cfi_def_cfa 2, 16
 374 01fc 13010101 		addi	sp,sp,16
 375              		.cfi_def_cfa_offset 0
 376 0200 67800000 		jr	ra
 377              	.L28:
 378              		.cfi_restore_state
 379 0204 1305F0FF 		li	a0,-1
 380 0208 6FF01FFF 		j	.L27
 381              		.cfi_endproc
 382              	.LFE8:
 384              		.align	2
 385              		.globl	sem_wait
 387              	sem_wait:
 388              	.LFB9:
 389              		.cfi_startproc
 390 020c 130101FF 		addi	sp,sp,-16
 391              		.cfi_def_cfa_offset 16
 392 0210 23348100 		sd	s0,8(sp)
 393              		.cfi_offset 8, -8
 394 0214 13040101 		addi	s0,sp,16
 395              		.cfi_def_cfa 8, 0
 396 0218 63020502 		beq	a0,zero,.L32
 397              	#APP
 398              	# 124 "src/user/syscall_c.cpp" 1
 117              	}
 118              	
 119              	extern "C" int sem_wait(sem_t id)
 120              	{
 121              	    int ret = 0;
 122              	    if(id == nullptr) return -1;
 123              	    
 124 021c 93050500 	    asm volatile("mv a1, %0" : : "r" (id));
 125              	    asm volatile("li a0, 0x23");
 399              		mv a1, a0
 400              	# 0 "" 2
 401              	# 125 "src/user/syscall_c.cpp" 1
 126              	    asm volatile("ecall");
 402              		li a0, 0x23
 403              	# 0 "" 2
 404              	# 126 "src/user/syscall_c.cpp" 1
GAS LISTING /tmp/cc2MgwbK.s 			page 10


 127              	
 405              		ecall
 406              	# 0 "" 2
 407              	# 128 "src/user/syscall_c.cpp" 1
 128 0228 13050500 	    asm volatile("mv %0, a0" : "=r" (ret));
 129              	    return ret;
 408              		mv a0, a0
 409              	# 0 "" 2
 410              	#NO_APP
 411 022c 1B050500 		sext.w	a0,a0
 412              	.L31:
 413 0230 03348100 		ld	s0,8(sp)
 414              		.cfi_remember_state
 415              		.cfi_restore 8
 416              		.cfi_def_cfa 2, 16
 417 0234 13010101 		addi	sp,sp,16
 418              		.cfi_def_cfa_offset 0
 419 0238 67800000 		jr	ra
 420              	.L32:
 421              		.cfi_restore_state
 422 023c 1305F0FF 		li	a0,-1
 423 0240 6FF01FFF 		j	.L31
 424              		.cfi_endproc
 425              	.LFE9:
 427              		.align	2
 428              		.globl	sem_signal
 430              	sem_signal:
 431              	.LFB10:
 432              		.cfi_startproc
 433 0244 130101FF 		addi	sp,sp,-16
 434              		.cfi_def_cfa_offset 16
 435 0248 23348100 		sd	s0,8(sp)
 436              		.cfi_offset 8, -8
 437 024c 13040101 		addi	s0,sp,16
 438              		.cfi_def_cfa 8, 0
 439 0250 63020502 		beq	a0,zero,.L36
 440              	#APP
 441              	# 137 "src/user/syscall_c.cpp" 1
 130              	}
 131              	
 132              	extern "C" int sem_signal(sem_t id)
 133              	{
 134              	    int ret = 0;
 135              	    if(id == nullptr) return -1;
 136              	
 137 0254 93050500 	    asm volatile("mv a1, %0" : :"r"(id));
 138              	    asm volatile("li a0, 0x24");
 442              		mv a1, a0
 443              	# 0 "" 2
 444              	# 138 "src/user/syscall_c.cpp" 1
 139              	    asm volatile("ecall");
 445              		li a0, 0x24
 446              	# 0 "" 2
 447              	# 139 "src/user/syscall_c.cpp" 1
 140              	
 448              		ecall
 449              	# 0 "" 2
GAS LISTING /tmp/cc2MgwbK.s 			page 11


 450              	# 141 "src/user/syscall_c.cpp" 1
 141 0260 13050500 	    asm volatile("mv %0, a0" : "=r" (ret));
 142              	    return ret;
 451              		mv a0, a0
 452              	# 0 "" 2
 453              	#NO_APP
 454 0264 1B050500 		sext.w	a0,a0
 455              	.L35:
 456 0268 03348100 		ld	s0,8(sp)
 457              		.cfi_remember_state
 458              		.cfi_restore 8
 459              		.cfi_def_cfa 2, 16
 460 026c 13010101 		addi	sp,sp,16
 461              		.cfi_def_cfa_offset 0
 462 0270 67800000 		jr	ra
 463              	.L36:
 464              		.cfi_restore_state
 465 0274 1305F0FF 		li	a0,-1
 466 0278 6FF01FFF 		j	.L35
 467              		.cfi_endproc
 468              	.LFE10:
 470              		.align	2
 471              		.globl	time_sleep
 473              	time_sleep:
 474              	.LFB11:
 475              		.cfi_startproc
 476 027c 130101FF 		addi	sp,sp,-16
 477              		.cfi_def_cfa_offset 16
 478 0280 23348100 		sd	s0,8(sp)
 479              		.cfi_offset 8, -8
 480 0284 13040101 		addi	s0,sp,16
 481              		.cfi_def_cfa 8, 0
 482 0288 63020502 		beq	a0,zero,.L40
 483              	#APP
 484              	# 149 "src/user/syscall_c.cpp" 1
 143              	}
 144              	
 145              	extern "C" int time_sleep(time_t time){
 146              	    int ret = 0;
 147              	    if(time == 0) return -1;
 148              	
 149 028c 93050500 	    asm volatile("mv a1, %0" : :"r"(time));
 150              	    asm volatile("li a0, 0x31");
 485              		mv a1, a0
 486              	# 0 "" 2
 487              	# 150 "src/user/syscall_c.cpp" 1
 151              	    asm volatile("ecall");
 488              		li a0, 0x31
 489              	# 0 "" 2
 490              	# 151 "src/user/syscall_c.cpp" 1
 152              	
 491              		ecall
 492              	# 0 "" 2
 493              	# 153 "src/user/syscall_c.cpp" 1
 153 0298 13050500 	    asm volatile("mv %0, a0" : "=r" (ret));
 154              	    return ret;
 494              		mv a0, a0
GAS LISTING /tmp/cc2MgwbK.s 			page 12


 495              	# 0 "" 2
 496              	#NO_APP
 497 029c 1B050500 		sext.w	a0,a0
 498              	.L39:
 499 02a0 03348100 		ld	s0,8(sp)
 500              		.cfi_remember_state
 501              		.cfi_restore 8
 502              		.cfi_def_cfa 2, 16
 503 02a4 13010101 		addi	sp,sp,16
 504              		.cfi_def_cfa_offset 0
 505 02a8 67800000 		jr	ra
 506              	.L40:
 507              		.cfi_restore_state
 508 02ac 1305F0FF 		li	a0,-1
 509 02b0 6FF01FFF 		j	.L39
 510              		.cfi_endproc
 511              	.LFE11:
 513              		.align	2
 514              		.globl	getc
 516              	getc:
 517              	.LFB12:
 518              		.cfi_startproc
 519 02b4 130101FF 		addi	sp,sp,-16
 520              		.cfi_def_cfa_offset 16
 521 02b8 23348100 		sd	s0,8(sp)
 522              		.cfi_offset 8, -8
 523 02bc 13040101 		addi	s0,sp,16
 524              		.cfi_def_cfa 8, 0
 525              	#APP
 526              	# 161 "src/user/syscall_c.cpp" 1
 155              	}
 156              	
 157              	const int EOF = -1;
 158              	extern "C" char getc(){
 159              	    unsigned ret;
 160              	
 161 02c0 13051004 	    asm volatile("li a0, 0x41");
 162              	    asm volatile("ecall");
 527              		li a0, 0x41
 528              	# 0 "" 2
 529              	# 162 "src/user/syscall_c.cpp" 1
 163              	
 530              		ecall
 531              	# 0 "" 2
 532              	# 164 "src/user/syscall_c.cpp" 1
 164 02c8 13050500 	    asm volatile("mv %0, a0" : "=r" (ret));
 165              	    if(ret < 256) return ret;
 533              		mv a0, a0
 534              	# 0 "" 2
 535              	#NO_APP
 536 02cc 1B050500 		sext.w	a0,a0
 537 02d0 9307F00F 		li	a5,255
 538 02d4 63EAA700 		bgtu	a0,a5,.L44
 539 02d8 1375F50F 		andi	a0,a0,0xff
 540              	.L43:
 541 02dc 03348100 		ld	s0,8(sp)
 542              		.cfi_remember_state
GAS LISTING /tmp/cc2MgwbK.s 			page 13


 543              		.cfi_restore 8
 544              		.cfi_def_cfa 2, 16
 545 02e0 13010101 		addi	sp,sp,16
 546              		.cfi_def_cfa_offset 0
 547 02e4 67800000 		jr	ra
 548              	.L44:
 549              		.cfi_restore_state
 550 02e8 1305F00F 		li	a0,255
 551 02ec 6FF01FFF 		j	.L43
 552              		.cfi_endproc
 553              	.LFE12:
 555              		.align	2
 556              		.globl	putc
 558              	putc:
 559              	.LFB13:
 560              		.cfi_startproc
 561 02f0 130101FF 		addi	sp,sp,-16
 562              		.cfi_def_cfa_offset 16
 563 02f4 23348100 		sd	s0,8(sp)
 564              		.cfi_offset 8, -8
 565 02f8 13040101 		addi	s0,sp,16
 566              		.cfi_def_cfa 8, 0
 567              	#APP
 568              	# 170 "src/user/syscall_c.cpp" 1
 166              	    else return EOF;
 167              	}
 168              	
 169              	extern "C" void putc(char c){
 170 02fc 93050500 	    asm volatile("mv a1, a0");
 171              	    asm volatile("li a0, 0x42");
 569              		mv a1, a0
 570              	# 0 "" 2
 571              	# 171 "src/user/syscall_c.cpp" 1
 172              	    asm volatile("ecall");
 572              		li a0, 0x42
 573              	# 0 "" 2
 574              	# 172 "src/user/syscall_c.cpp" 1
 173              	}...
 575              		ecall
 576              	# 0 "" 2
 577              	#NO_APP
 578 0308 03348100 		ld	s0,8(sp)
 579              		.cfi_restore 8
 580              		.cfi_def_cfa 2, 16
 581 030c 13010101 		addi	sp,sp,16
 582              		.cfi_def_cfa_offset 0
 583 0310 67800000 		jr	ra
 584              		.cfi_endproc
 585              	.LFE13:
 587              		.ident	"GCC: (GNU) 12.2.0"
 588              		.section	.note.GNU-stack,"",@progbits
GAS LISTING /tmp/cc2MgwbK.s 			page 14


DEFINED SYMBOLS
                            *ABS*:0000000000000000 syscall_c.cpp
     /tmp/cc2MgwbK.s:11     .text:0000000000000000 thread_delete
     /tmp/cc2MgwbK.s:13     .text:0000000000000000 .L0 
     /tmp/cc2MgwbK.s:14     .text:0000000000000000 $x
     /tmp/cc2MgwbK.s:15     .text:0000000000000004 .L0 
     /tmp/cc2MgwbK.s:17     .text:0000000000000008 .L0 
     /tmp/cc2MgwbK.s:19     .text:000000000000000c .L0 
     /tmp/cc2MgwbK.s:36     .text:0000000000000024 .L0 
     /tmp/cc2MgwbK.s:37     .text:0000000000000024 .L0 
     /tmp/cc2MgwbK.s:39     .text:0000000000000028 .L0 
     /tmp/cc2MgwbK.s:41     .text:000000000000002c .L0 
     /tmp/cc2MgwbK.s:47     .text:000000000000002c _ZN7_threaddlEPv
     /tmp/cc2MgwbK.s:49     .text:000000000000002c .L0 
     /tmp/cc2MgwbK.s:51     .text:0000000000000030 .L0 
     /tmp/cc2MgwbK.s:54     .text:0000000000000038 .L0 
     /tmp/cc2MgwbK.s:55     .text:0000000000000038 .L0 
     /tmp/cc2MgwbK.s:57     .text:000000000000003c .L0 
     /tmp/cc2MgwbK.s:60     .text:0000000000000048 .L0 
     /tmp/cc2MgwbK.s:62     .text:000000000000004c .L0 
     /tmp/cc2MgwbK.s:63     .text:000000000000004c .L0 
     /tmp/cc2MgwbK.s:65     .text:0000000000000050 .L0 
     /tmp/cc2MgwbK.s:67     .text:0000000000000054 .L0 
     /tmp/cc2MgwbK.s:73     .text:0000000000000054 mem_alloc
     /tmp/cc2MgwbK.s:75     .text:0000000000000054 .L0 
     /tmp/cc2MgwbK.s:77     .text:0000000000000058 .L0 
     /tmp/cc2MgwbK.s:79     .text:000000000000005c .L0 
     /tmp/cc2MgwbK.s:81     .text:0000000000000060 .L0 
     /tmp/cc2MgwbK.s:103    .text:0000000000000084 .L0 
     /tmp/cc2MgwbK.s:104    .text:0000000000000084 .L0 
     /tmp/cc2MgwbK.s:106    .text:0000000000000088 .L0 
     /tmp/cc2MgwbK.s:108    .text:000000000000008c .L0 
     /tmp/cc2MgwbK.s:114    .text:000000000000008c mem_free
     /tmp/cc2MgwbK.s:116    .text:000000000000008c .L0 
     /tmp/cc2MgwbK.s:118    .text:0000000000000090 .L0 
     /tmp/cc2MgwbK.s:120    .text:0000000000000094 .L0 
     /tmp/cc2MgwbK.s:122    .text:0000000000000098 .L0 
     /tmp/cc2MgwbK.s:142    .text:00000000000000b4 .L0 
     /tmp/cc2MgwbK.s:143    .text:00000000000000b4 .L0 
     /tmp/cc2MgwbK.s:145    .text:00000000000000b8 .L0 
     /tmp/cc2MgwbK.s:147    .text:00000000000000bc .L0 
     /tmp/cc2MgwbK.s:153    .text:00000000000000bc thread_dispatch
     /tmp/cc2MgwbK.s:155    .text:00000000000000bc .L0 
     /tmp/cc2MgwbK.s:157    .text:00000000000000c0 .L0 
     /tmp/cc2MgwbK.s:159    .text:00000000000000c4 .L0 
     /tmp/cc2MgwbK.s:161    .text:00000000000000c8 .L0 
     /tmp/cc2MgwbK.s:172    .text:00000000000000d8 .L0 
     /tmp/cc2MgwbK.s:173    .text:00000000000000d8 .L0 
     /tmp/cc2MgwbK.s:175    .text:00000000000000dc .L0 
     /tmp/cc2MgwbK.s:177    .text:00000000000000e0 .L0 
     /tmp/cc2MgwbK.s:183    .text:00000000000000e0 thread_create
     /tmp/cc2MgwbK.s:185    .text:00000000000000e0 .L0 
     /tmp/cc2MgwbK.s:188    .text:00000000000000e8 .L0 
     /tmp/cc2MgwbK.s:194    .text:00000000000000fc .L0 
     /tmp/cc2MgwbK.s:195    .text:00000000000000fc .L0 
     /tmp/cc2MgwbK.s:196    .text:00000000000000fc .L0 
     /tmp/cc2MgwbK.s:197    .text:00000000000000fc .L0 
GAS LISTING /tmp/cc2MgwbK.s 			page 15


     /tmp/cc2MgwbK.s:198    .text:00000000000000fc .L0 
     /tmp/cc2MgwbK.s:200    .text:0000000000000100 .L0 
     /tmp/cc2MgwbK.s:234    .text:0000000000000144 .L0 
     /tmp/cc2MgwbK.s:236    .text:0000000000000148 .L0 
     /tmp/cc2MgwbK.s:237    .text:0000000000000148 .L0 
     /tmp/cc2MgwbK.s:239    .text:000000000000014c .L0 
     /tmp/cc2MgwbK.s:241    .text:0000000000000150 .L0 
     /tmp/cc2MgwbK.s:243    .text:0000000000000154 .L0 
     /tmp/cc2MgwbK.s:245    .text:0000000000000158 .L0 
     /tmp/cc2MgwbK.s:251    .text:0000000000000164 .L0 
     /tmp/cc2MgwbK.s:252    .text:0000000000000164 .L0 
     /tmp/cc2MgwbK.s:253    .text:0000000000000164 .L0 
     /tmp/cc2MgwbK.s:254    .text:0000000000000164 .L0 
     /tmp/cc2MgwbK.s:255    .text:0000000000000164 .L0 
     /tmp/cc2MgwbK.s:256    .text:0000000000000164 .L0 
     /tmp/cc2MgwbK.s:262    .text:0000000000000174 .L0 
     /tmp/cc2MgwbK.s:268    .text:0000000000000174 thread_exit
     /tmp/cc2MgwbK.s:270    .text:0000000000000174 .L0 
     /tmp/cc2MgwbK.s:272    .text:0000000000000178 .L0 
     /tmp/cc2MgwbK.s:274    .text:000000000000017c .L0 
     /tmp/cc2MgwbK.s:276    .text:0000000000000180 .L0 
     /tmp/cc2MgwbK.s:287    .text:0000000000000190 .L0 
     /tmp/cc2MgwbK.s:288    .text:0000000000000190 .L0 
     /tmp/cc2MgwbK.s:290    .text:0000000000000194 .L0 
     /tmp/cc2MgwbK.s:292    .text:0000000000000198 .L0 
     /tmp/cc2MgwbK.s:298    .text:0000000000000198 sem_open
     /tmp/cc2MgwbK.s:300    .text:0000000000000198 .L0 
     /tmp/cc2MgwbK.s:302    .text:000000000000019c .L0 
     /tmp/cc2MgwbK.s:304    .text:00000000000001a0 .L0 
     /tmp/cc2MgwbK.s:306    .text:00000000000001a4 .L0 
     /tmp/cc2MgwbK.s:328    .text:00000000000001c4 .L0 
     /tmp/cc2MgwbK.s:329    .text:00000000000001c4 .L0 
     /tmp/cc2MgwbK.s:330    .text:00000000000001c4 .L0 
     /tmp/cc2MgwbK.s:332    .text:00000000000001c8 .L0 
     /tmp/cc2MgwbK.s:335    .text:00000000000001cc .L0 
     /tmp/cc2MgwbK.s:338    .text:00000000000001d4 .L0 
     /tmp/cc2MgwbK.s:344    .text:00000000000001d4 sem_close
     /tmp/cc2MgwbK.s:346    .text:00000000000001d4 .L0 
     /tmp/cc2MgwbK.s:348    .text:00000000000001d8 .L0 
     /tmp/cc2MgwbK.s:350    .text:00000000000001dc .L0 
     /tmp/cc2MgwbK.s:352    .text:00000000000001e0 .L0 
     /tmp/cc2MgwbK.s:371    .text:00000000000001fc .L0 
     /tmp/cc2MgwbK.s:372    .text:00000000000001fc .L0 
     /tmp/cc2MgwbK.s:373    .text:00000000000001fc .L0 
     /tmp/cc2MgwbK.s:375    .text:0000000000000200 .L0 
     /tmp/cc2MgwbK.s:378    .text:0000000000000204 .L0 
     /tmp/cc2MgwbK.s:381    .text:000000000000020c .L0 
     /tmp/cc2MgwbK.s:387    .text:000000000000020c sem_wait
     /tmp/cc2MgwbK.s:389    .text:000000000000020c .L0 
     /tmp/cc2MgwbK.s:391    .text:0000000000000210 .L0 
     /tmp/cc2MgwbK.s:393    .text:0000000000000214 .L0 
     /tmp/cc2MgwbK.s:395    .text:0000000000000218 .L0 
     /tmp/cc2MgwbK.s:414    .text:0000000000000234 .L0 
     /tmp/cc2MgwbK.s:415    .text:0000000000000234 .L0 
     /tmp/cc2MgwbK.s:416    .text:0000000000000234 .L0 
     /tmp/cc2MgwbK.s:418    .text:0000000000000238 .L0 
     /tmp/cc2MgwbK.s:421    .text:000000000000023c .L0 
GAS LISTING /tmp/cc2MgwbK.s 			page 16


     /tmp/cc2MgwbK.s:424    .text:0000000000000244 .L0 
     /tmp/cc2MgwbK.s:430    .text:0000000000000244 sem_signal
     /tmp/cc2MgwbK.s:432    .text:0000000000000244 .L0 
     /tmp/cc2MgwbK.s:434    .text:0000000000000248 .L0 
     /tmp/cc2MgwbK.s:436    .text:000000000000024c .L0 
     /tmp/cc2MgwbK.s:438    .text:0000000000000250 .L0 
     /tmp/cc2MgwbK.s:457    .text:000000000000026c .L0 
     /tmp/cc2MgwbK.s:458    .text:000000000000026c .L0 
     /tmp/cc2MgwbK.s:459    .text:000000000000026c .L0 
     /tmp/cc2MgwbK.s:461    .text:0000000000000270 .L0 
     /tmp/cc2MgwbK.s:464    .text:0000000000000274 .L0 
     /tmp/cc2MgwbK.s:467    .text:000000000000027c .L0 
     /tmp/cc2MgwbK.s:473    .text:000000000000027c time_sleep
     /tmp/cc2MgwbK.s:475    .text:000000000000027c .L0 
     /tmp/cc2MgwbK.s:477    .text:0000000000000280 .L0 
     /tmp/cc2MgwbK.s:479    .text:0000000000000284 .L0 
     /tmp/cc2MgwbK.s:481    .text:0000000000000288 .L0 
     /tmp/cc2MgwbK.s:500    .text:00000000000002a4 .L0 
     /tmp/cc2MgwbK.s:501    .text:00000000000002a4 .L0 
     /tmp/cc2MgwbK.s:502    .text:00000000000002a4 .L0 
     /tmp/cc2MgwbK.s:504    .text:00000000000002a8 .L0 
     /tmp/cc2MgwbK.s:507    .text:00000000000002ac .L0 
     /tmp/cc2MgwbK.s:510    .text:00000000000002b4 .L0 
     /tmp/cc2MgwbK.s:516    .text:00000000000002b4 getc
     /tmp/cc2MgwbK.s:518    .text:00000000000002b4 .L0 
     /tmp/cc2MgwbK.s:520    .text:00000000000002b8 .L0 
     /tmp/cc2MgwbK.s:522    .text:00000000000002bc .L0 
     /tmp/cc2MgwbK.s:524    .text:00000000000002c0 .L0 
     /tmp/cc2MgwbK.s:542    .text:00000000000002e0 .L0 
     /tmp/cc2MgwbK.s:543    .text:00000000000002e0 .L0 
     /tmp/cc2MgwbK.s:544    .text:00000000000002e0 .L0 
     /tmp/cc2MgwbK.s:546    .text:00000000000002e4 .L0 
     /tmp/cc2MgwbK.s:549    .text:00000000000002e8 .L0 
     /tmp/cc2MgwbK.s:552    .text:00000000000002f0 .L0 
     /tmp/cc2MgwbK.s:558    .text:00000000000002f0 putc
     /tmp/cc2MgwbK.s:560    .text:00000000000002f0 .L0 
     /tmp/cc2MgwbK.s:562    .text:00000000000002f4 .L0 
     /tmp/cc2MgwbK.s:564    .text:00000000000002f8 .L0 
     /tmp/cc2MgwbK.s:566    .text:00000000000002fc .L0 
     /tmp/cc2MgwbK.s:579    .text:000000000000030c .L0 
     /tmp/cc2MgwbK.s:580    .text:000000000000030c .L0 
     /tmp/cc2MgwbK.s:582    .text:0000000000000310 .L0 
     /tmp/cc2MgwbK.s:584    .text:0000000000000314 .L0 
     /tmp/cc2MgwbK.s:247    .text:000000000000015c .L13
     /tmp/cc2MgwbK.s:250    .text:0000000000000164 .L14
     /tmp/cc2MgwbK.s:259    .text:000000000000016c .L15
     /tmp/cc2MgwbK.s:232    .text:0000000000000140 .L12
     /tmp/cc2MgwbK.s:334    .text:00000000000001cc .L24
     /tmp/cc2MgwbK.s:326    .text:00000000000001c0 .L23
     /tmp/cc2MgwbK.s:377    .text:0000000000000204 .L28
     /tmp/cc2MgwbK.s:369    .text:00000000000001f8 .L27
     /tmp/cc2MgwbK.s:420    .text:000000000000023c .L32
     /tmp/cc2MgwbK.s:412    .text:0000000000000230 .L31
     /tmp/cc2MgwbK.s:463    .text:0000000000000274 .L36
     /tmp/cc2MgwbK.s:455    .text:0000000000000268 .L35
     /tmp/cc2MgwbK.s:506    .text:00000000000002ac .L40
     /tmp/cc2MgwbK.s:498    .text:00000000000002a0 .L39
GAS LISTING /tmp/cc2MgwbK.s 			page 17


     /tmp/cc2MgwbK.s:548    .text:00000000000002e8 .L44
     /tmp/cc2MgwbK.s:540    .text:00000000000002dc .L43

NO UNDEFINED SYMBOLS
