GAS LISTING /tmp/cc5VWh9z.s 			page 1


   1              		.file	"memory_allocator.cpp"
   2              		.option pic
   3              		.option norelax
   4              		.attribute arch, "rv64i2p1_m2p0_a2p1_zicsr2p0"
   5              		.attribute unaligned_access, 0
   6              		.attribute stack_align, 16
   7              		.text
   8              		.section	.rodata.str1.8,"aMS",@progbits,1
   9              		.align	3
  10              	.LC0:
  11 0000 66726565 		.string	"free_seg_meta_cache"
  11      5F736567 
  11      5F6D6574 
  11      615F6361 
  11      63686500 
  12 0014 00000000 		.align	3
  13              	.LC1:
  14 0018 4D454D20 		.string	"MEM ALLOC node cache not allocated\n"
  14      414C4C4F 
  14      43206E6F 
  14      64652063 
  14      61636865 
  15 003c 00000000 		.align	3
  16              	.LC2:
  17 0040 224D656D 		.string	"\"MemoryAllocator start address: \": "
  17      6F727941 
  17      6C6C6F63 
  17      61746F72 
  17      20737461 
  18 0064 00000000 		.align	3
  19              	.LC3:
  20 0068 0A00     		.string	"\n"
  21              		.text
  22              		.align	2
  23              		.globl	_ZN15MemoryAllocator11getInstanceEv
  25              	_ZN15MemoryAllocator11getInstanceEv:
  26              	.LFB113:
  27              		.cfi_startproc
  28              		.cfi_personality 0x9b,DW.ref.__gxx_personality_v0
  29              		.cfi_lsda 0x1b,.LLSDA113
  30 0000 97070000 		ld	a5,.LANCHOR0
  30      83B70700 
  31 0008 63880700 		beq	a5,zero,.L13
  32 000c 17050000 		ld	a0,.LANCHOR0
  32      03350500 
  33 0014 67800000 		ret
  34              	.L13:
  35 0018 130101FE 		addi	sp,sp,-32
  36              		.cfi_def_cfa_offset 32
  37 001c 233C1100 		sd	ra,24(sp)
  38 0020 23388100 		sd	s0,16(sp)
  39 0024 23349100 		sd	s1,8(sp)
  40 0028 23302101 		sd	s2,0(sp)
  41              		.cfi_offset 1, -8
  42              		.cfi_offset 8, -16
  43              		.cfi_offset 9, -24
  44              		.cfi_offset 18, -32
GAS LISTING /tmp/cc5VWh9z.s 			page 2


  45 002c 13040102 		addi	s0,sp,32
  46              		.cfi_def_cfa 8, 0
  47              	.LEHB0:
  48 0030 97000000 		call	_ZN13SlabAllocator11getInstanceEv@plt
  48      E7800000 
  49 0038 93050002 		li	a1,32
  50 003c 97000000 		call	_ZN13SlabAllocator7kmallocEm@plt
  50      E7800000 
  51 0044 97070000 		sd	a0,.LANCHOR0,a5
  51      23B0A700 
  52 004c 13058005 		li	a0,88
  53 0050 97000000 		call	_ZN11ObjectCachenwEm@plt
  53      E7800000 
  54              	.LEHE0:
  55 0058 93040500 		mv	s1,a0
  56 005c 63020502 		beq	a0,zero,.L3
  57 0060 93070000 		li	a5,0
  58 0064 13070000 		li	a4,0
  59 0068 93060000 		li	a3,0
  60 006c 13068001 		li	a2,24
  61 0070 97050000 		lla	a1,.LC0
  61      93850500 
  62              	.LEHB1:
  63 0078 97000000 		call	_ZN11ObjectCacheC1EPKcmPFvPvES4_NS_12SlabMetaTypeE@plt
  63      E7800000 
  64              	.LEHE1:
  65              	.L3:
  66 0080 17090000 		ld	s2,.LANCHOR0
  66      03390900 
  67 0088 233C9900 		sd	s1,24(s2)
  68 008c 6386040C 		beq	s1,zero,.L14
  69 0090 23380900 		sd	zero,16(s2)
  70 0094 13850400 		mv	a0,s1
  71              	.LEHB2:
  72 0098 97000000 		call	_ZN11ObjectCache9alloc_objEv@plt
  72      E7800000 
  73 00a0 2334A900 		sd	a0,8(s2)
  74 00a4 17090000 		lla	s2,.LANCHOR0
  74      13090900 
  75 00ac 83370900 		ld	a5,0(s2)
  76 00b0 83B78700 		ld	a5,8(a5)
  77 00b4 23B00700 		sd	zero,0(a5)
  78 00b8 97070000 		la	a5,_ZN7NoAlloc16NOALLOC_END_ADDRE
  78      83B70700 
  79 00c0 83B40700 		ld	s1,0(a5)
  80 00c4 9384F4FF 		addi	s1,s1,-1
  81 00c8 B7F7FFFF 		li	a5,-4096
  82 00cc B3F4F400 		and	s1,s1,a5
  83 00d0 B7170000 		li	a5,4096
  84 00d4 B384F400 		add	s1,s1,a5
  85 00d8 17050000 		lla	a0,.LC2
  85      13050500 
  86 00e0 97000000 		call	_Z12kprintStringPKc@plt
  86      E7800000 
  87 00e8 13060000 		li	a2,0
  88 00ec 93050001 		li	a1,16
  89 00f0 13850400 		mv	a0,s1
GAS LISTING /tmp/cc5VWh9z.s 			page 3


  90 00f4 97000000 		call	_Z9kprintIntmib@plt
  90      E7800000 
  91 00fc 17050000 		lla	a0,.LC3
  91      13050500 
  92 0104 97000000 		call	_Z12kprintStringPKc@plt
  92      E7800000 
  93 010c 83370900 		ld	a5,0(s2)
  94 0110 03B78700 		ld	a4,8(a5)
  95 0114 23389700 		sd	s1,16(a4)
  96 0118 83B68700 		ld	a3,8(a5)
  97 011c 17070000 		la	a4,HEAP_END_ADDR
  97      03370700 
  98 0124 03370700 		ld	a4,0(a4)
  99 0128 33079740 		sub	a4,a4,s1
 100 012c 23B4E600 		sd	a4,8(a3)
 101 0130 13071000 		li	a4,1
 102 0134 2380E700 		sb	a4,0(a5)
 103 0138 17050000 		ld	a0,.LANCHOR0
 103      03350500 
 104 0140 83308101 		ld	ra,24(sp)
 105              		.cfi_remember_state
 106              		.cfi_restore 1
 107 0144 03340101 		ld	s0,16(sp)
 108              		.cfi_restore 8
 109              		.cfi_def_cfa 2, 32
 110 0148 83348100 		ld	s1,8(sp)
 111              		.cfi_restore 9
 112 014c 03390100 		ld	s2,0(sp)
 113              		.cfi_restore 18
 114 0150 13010102 		addi	sp,sp,32
 115              		.cfi_def_cfa_offset 0
 116 0154 67800000 		jr	ra
 117              	.L14:
 118              		.cfi_restore_state
 119 0158 17050000 		lla	a0,.LC1
 119      13050500 
 120 0160 97000000 		call	_Z12kprintStringPKc@plt
 120      E7800000 
 121              	.LEHE2:
 122              	.L5:
 123 0168 6F000000 		j	.L5
 124              	.L7:
 125 016c 13090500 		mv	s2,a0
 126 0170 13850400 		mv	a0,s1
 127 0174 97000000 		call	_ZN11ObjectCachedlEPv@plt
 127      E7800000 
 128 017c 13050900 		mv	a0,s2
 129              	.LEHB3:
 130 0180 97000000 		call	_Unwind_Resume@plt
 130      E7800000 
 131              	.LEHE3:
 132              		.cfi_endproc
 133              	.LFE113:
 134              		.globl	__gxx_personality_v0
 135              		.section	.gcc_except_table,"a",@progbits
 136              	.LLSDA113:
 137 0000 FF       		.byte	0xff
GAS LISTING /tmp/cc5VWh9z.s 			page 4


 138 0001 FF       		.byte	0xff
 139 0002 03       		.byte	0x3
 140 0003 34       		.byte	0x34
 141 0004 00000000 		.4byte	.LEHB0-.LFB113
 142 0008 00000000 		.4byte	.LEHE0-.LEHB0
 143 000c 00000000 		.4byte	0
 144 0010 00       		.byte	0
 145 0011 00000000 		.4byte	.LEHB1-.LFB113
 146 0015 00000000 		.4byte	.LEHE1-.LEHB1
 147 0019 00000000 		.4byte	.L7-.LFB113
 148 001d 00       		.byte	0
 149 001e 00000000 		.4byte	.LEHB2-.LFB113
 150 0022 00000000 		.4byte	.LEHE2-.LEHB2
 151 0026 00000000 		.4byte	0
 152 002a 00       		.byte	0
 153 002b 00000000 		.4byte	.LEHB3-.LFB113
 154 002f 00000000 		.4byte	.LEHE3-.LEHB3
 155 0033 00000000 		.4byte	0
 156 0037 00       		.byte	0
 157              		.text
 159              		.align	2
 160              		.globl	_ZN15MemoryAllocator9mem_allocEm
 162              	_ZN15MemoryAllocator9mem_allocEm:
 163              	.LFB114:
 164              		.cfi_startproc
 165 0188 130101FD 		addi	sp,sp,-48
 166              		.cfi_def_cfa_offset 48
 167 018c 23341102 		sd	ra,40(sp)
 168 0190 23308102 		sd	s0,32(sp)
 169 0194 233C9100 		sd	s1,24(sp)
 170 0198 23382101 		sd	s2,16(sp)
 171 019c 23343101 		sd	s3,8(sp)
 172 01a0 23304101 		sd	s4,0(sp)
 173              		.cfi_offset 1, -8
 174              		.cfi_offset 8, -16
 175              		.cfi_offset 9, -24
 176              		.cfi_offset 18, -32
 177              		.cfi_offset 19, -40
 178              		.cfi_offset 20, -48
 179 01a4 13040103 		addi	s0,sp,48
 180              		.cfi_def_cfa 8, 0
 181 01a8 130A0500 		mv	s4,a0
 182 01ac 83378500 		ld	a5,8(a0)
 183 01b0 13996500 		slli	s2,a1,6
 184 01b4 93060000 		li	a3,0
 185 01b8 93090000 		li	s3,0
 186 01bc 93040000 		li	s1,0
 187 01c0 6F004001 		j	.L16
 188              	.L24:
 189 01c4 93890600 		mv	s3,a3
 190 01c8 93840700 		mv	s1,a5
 191              	.L17:
 192 01cc 93860700 		mv	a3,a5
 193 01d0 83B70700 		ld	a5,0(a5)
 194              	.L16:
 195 01d4 63820702 		beq	a5,zero,.L28
 196 01d8 03B78700 		ld	a4,8(a5)
GAS LISTING /tmp/cc5VWh9z.s 			page 5


 197 01dc E36827FF 		bltu	a4,s2,.L17
 198 01e0 E38204FE 		beq	s1,zero,.L24
 199 01e4 03B68400 		ld	a2,8(s1)
 200 01e8 E372C7FE 		bgeu	a4,a2,.L17
 201 01ec 93890600 		mv	s3,a3
 202 01f0 93840700 		mv	s1,a5
 203 01f4 6FF09FFD 		j	.L17
 204              	.L28:
 205 01f8 63840404 		beq	s1,zero,.L15
 206 01fc 83B78400 		ld	a5,8(s1)
 207 0200 63922707 		bne	a5,s2,.L29
 208 0204 83B70400 		ld	a5,0(s1)
 209              	.L21:
 210 0208 638C0908 		beq	s3,zero,.L30
 211 020c 23B0F900 		sd	a5,0(s3)
 212              	.L23:
 213 0210 83370A01 		ld	a5,16(s4)
 214 0214 23B0F400 		sd	a5,0(s1)
 215 0218 23389A00 		sd	s1,16(s4)
 216 021c 97000000 		call	_ZN5Pager11getInstanceEv@plt
 216      E7800000 
 217 0224 83B50401 		ld	a1,16(s1)
 218 0228 03B68400 		ld	a2,8(s1)
 219 022c 93066001 		li	a3,22
 220 0230 3386C500 		add	a2,a1,a2
 221 0234 97000000 		call	_ZN5Pager6id_mapEPvS0_12PMTEntryBits@plt
 221      E7800000 
 222 023c 83B40401 		ld	s1,16(s1)
 223              	.L15:
 224 0240 13850400 		mv	a0,s1
 225 0244 83308102 		ld	ra,40(sp)
 226              		.cfi_remember_state
 227              		.cfi_restore 1
 228 0248 03340102 		ld	s0,32(sp)
 229              		.cfi_restore 8
 230              		.cfi_def_cfa 2, 48
 231 024c 83348101 		ld	s1,24(sp)
 232              		.cfi_restore 9
 233 0250 03390101 		ld	s2,16(sp)
 234              		.cfi_restore 18
 235 0254 83398100 		ld	s3,8(sp)
 236              		.cfi_restore 19
 237 0258 033A0100 		ld	s4,0(sp)
 238              		.cfi_restore 20
 239 025c 13010103 		addi	sp,sp,48
 240              		.cfi_def_cfa_offset 0
 241 0260 67800000 		jr	ra
 242              	.L29:
 243              		.cfi_restore_state
 244 0264 03358A01 		ld	a0,24(s4)
 245 0268 97000000 		call	_ZN11ObjectCache9alloc_objEv@plt
 245      E7800000 
 246 0270 93070500 		mv	a5,a0
 247 0274 630A0502 		beq	a0,zero,.L26
 248 0278 03B70400 		ld	a4,0(s1)
 249 027c 2330E500 		sd	a4,0(a0)
 250 0280 03B78400 		ld	a4,8(s1)
GAS LISTING /tmp/cc5VWh9z.s 			page 6


 251 0284 33072741 		sub	a4,a4,s2
 252 0288 2334E500 		sd	a4,8(a0)
 253 028c 03B70401 		ld	a4,16(s1)
 254 0290 33072701 		add	a4,a4,s2
 255 0294 2338E500 		sd	a4,16(a0)
 256 0298 23B42401 		sd	s2,8(s1)
 257 029c 6FF0DFF6 		j	.L21
 258              	.L30:
 259 02a0 2334FA00 		sd	a5,8(s4)
 260 02a4 6FF0DFF6 		j	.L23
 261              	.L26:
 262 02a8 93040500 		mv	s1,a0
 263 02ac 6FF05FF9 		j	.L15
 264              		.cfi_endproc
 265              	.LFE114:
 267              		.align	2
 268              		.globl	_ZN15MemoryAllocator17wantToFreeAddressEPv
 270              	_ZN15MemoryAllocator17wantToFreeAddressEPv:
 271              	.LFB115:
 272              		.cfi_startproc
 273 02b0 130101FF 		addi	sp,sp,-16
 274              		.cfi_def_cfa_offset 16
 275 02b4 23348100 		sd	s0,8(sp)
 276              		.cfi_offset 8, -8
 277 02b8 13040101 		addi	s0,sp,16
 278              		.cfi_def_cfa 8, 0
 279 02bc 97070000 		la	a5,HEAP_START_ADDR
 279      83B70700 
 280 02c4 83B70700 		ld	a5,0(a5)
 281 02c8 63EEF504 		bgtu	a5,a1,.L38
 282 02cc 97070000 		la	a5,HEAP_END_ADDR
 282      83B70700 
 283 02d4 83B70700 		ld	a5,0(a5)
 284 02d8 63FEF504 		bleu	a5,a1,.L39
 285 02dc 83370501 		ld	a5,16(a0)
 286 02e0 93060000 		li	a3,0
 287 02e4 6F00C000 		j	.L33
 288              	.L42:
 289 02e8 93860700 		mv	a3,a5
 290 02ec 83B70700 		ld	a5,0(a5)
 291              	.L33:
 292 02f0 63860700 		beq	a5,zero,.L34
 293 02f4 03B70701 		ld	a4,16(a5)
 294 02f8 E318B7FE 		bne	a4,a1,.L42
 295              	.L34:
 296 02fc 63800704 		beq	a5,zero,.L40
 297 0300 638C0600 		beq	a3,zero,.L36
 298 0304 03B70700 		ld	a4,0(a5)
 299 0308 23B0E600 		sd	a4,0(a3)
 300              	.L37:
 301 030c 23B00700 		sd	zero,0(a5)
 302 0310 13050000 		li	a0,0
 303 0314 6F004001 		j	.L32
 304              	.L36:
 305 0318 03B70700 		ld	a4,0(a5)
 306 031c 2338E500 		sd	a4,16(a0)
 307 0320 6FF0DFFE 		j	.L37
GAS LISTING /tmp/cc5VWh9z.s 			page 7


 308              	.L38:
 309 0324 13051000 		li	a0,1
 310              	.L32:
 311 0328 03348100 		ld	s0,8(sp)
 312              		.cfi_remember_state
 313              		.cfi_restore 8
 314              		.cfi_def_cfa 2, 16
 315 032c 13010101 		addi	sp,sp,16
 316              		.cfi_def_cfa_offset 0
 317 0330 67800000 		jr	ra
 318              	.L39:
 319              		.cfi_restore_state
 320 0334 13051000 		li	a0,1
 321 0338 6FF01FFF 		j	.L32
 322              	.L40:
 323 033c 13051000 		li	a0,1
 324 0340 6FF09FFE 		j	.L32
 325              		.cfi_endproc
 326              	.LFE115:
 328              		.align	2
 329              		.globl	_ZN15MemoryAllocator27getAndRemoveFreeSegmentMetaEPv
 331              	_ZN15MemoryAllocator27getAndRemoveFreeSegmentMetaEPv:
 332              	.LFB116:
 333              		.cfi_startproc
 334 0344 130101FF 		addi	sp,sp,-16
 335              		.cfi_def_cfa_offset 16
 336 0348 23348100 		sd	s0,8(sp)
 337              		.cfi_offset 8, -8
 338 034c 13040101 		addi	s0,sp,16
 339              		.cfi_def_cfa 8, 0
 340 0350 97070000 		la	a5,_ZN7NoAlloc16NOALLOC_END_ADDRE
 340      83B70700 
 341 0358 83B70700 		ld	a5,0(a5)
 342 035c 9387F7FF 		addi	a5,a5,-1
 343 0360 37F7FFFF 		li	a4,-4096
 344 0364 B3F7E700 		and	a5,a5,a4
 345 0368 37170000 		li	a4,4096
 346 036c B387E700 		add	a5,a5,a4
 347 0370 63E2F506 		bgtu	a5,a1,.L50
 348 0374 93060500 		mv	a3,a0
 349 0378 97070000 		la	a5,HEAP_END_ADDR
 349      83B70700 
 350 0380 83B70700 		ld	a5,0(a5)
 351 0384 63FCF504 		bleu	a5,a1,.L51
 352 0388 03350501 		ld	a0,16(a0)
 353 038c 13070000 		li	a4,0
 354              	.L45:
 355 0390 630C0500 		beq	a0,zero,.L46
 356 0394 83370501 		ld	a5,16(a0)
 357 0398 6388B700 		beq	a5,a1,.L46
 358 039c 13070500 		mv	a4,a0
 359 03a0 03350500 		ld	a0,0(a0)
 360 03a4 6FF0DFFE 		j	.L45
 361              	.L46:
 362 03a8 630A0500 		beq	a0,zero,.L43
 363 03ac 630E0700 		beq	a4,zero,.L48
 364 03b0 83370500 		ld	a5,0(a0)
GAS LISTING /tmp/cc5VWh9z.s 			page 8


 365 03b4 2330F700 		sd	a5,0(a4)
 366              	.L49:
 367 03b8 23300500 		sd	zero,0(a0)
 368              	.L43:
 369 03bc 03348100 		ld	s0,8(sp)
 370              		.cfi_remember_state
 371              		.cfi_restore 8
 372              		.cfi_def_cfa 2, 16
 373 03c0 13010101 		addi	sp,sp,16
 374              		.cfi_def_cfa_offset 0
 375 03c4 67800000 		jr	ra
 376              	.L48:
 377              		.cfi_restore_state
 378 03c8 83370500 		ld	a5,0(a0)
 379 03cc 23B8F600 		sd	a5,16(a3)
 380 03d0 6FF09FFE 		j	.L49
 381              	.L50:
 382 03d4 13050000 		li	a0,0
 383 03d8 6FF05FFE 		j	.L43
 384              	.L51:
 385 03dc 13050000 		li	a0,0
 386 03e0 6FF0DFFD 		j	.L43
 387              		.cfi_endproc
 388              	.LFE116:
 390              		.align	2
 391              		.globl	_ZN15MemoryAllocator13mergeWithNextEP11FreeSegment
 393              	_ZN15MemoryAllocator13mergeWithNextEP11FreeSegment:
 394              	.LFB117:
 395              		.cfi_startproc
 396 03e4 13070500 		mv	a4,a0
 397 03e8 83B70501 		ld	a5,16(a1)
 398 03ec 83B68500 		ld	a3,8(a1)
 399 03f0 B387D700 		add	a5,a5,a3
 400 03f4 03B50500 		ld	a0,0(a1)
 401 03f8 03360501 		ld	a2,16(a0)
 402 03fc 6384C700 		beq	a5,a2,.L59
 403 0400 67800000 		ret
 404              	.L59:
 405 0404 130101FE 		addi	sp,sp,-32
 406              		.cfi_def_cfa_offset 32
 407 0408 233C1100 		sd	ra,24(sp)
 408 040c 23388100 		sd	s0,16(sp)
 409 0410 23349100 		sd	s1,8(sp)
 410              		.cfi_offset 1, -8
 411              		.cfi_offset 8, -16
 412              		.cfi_offset 9, -24
 413 0414 13040102 		addi	s0,sp,32
 414              		.cfi_def_cfa 8, 0
 415 0418 93840500 		mv	s1,a1
 416 041c 83378500 		ld	a5,8(a0)
 417 0420 B386F600 		add	a3,a3,a5
 418 0424 23B4D500 		sd	a3,8(a1)
 419 0428 83370500 		ld	a5,0(a0)
 420 042c 23B0F500 		sd	a5,0(a1)
 421 0430 93050500 		mv	a1,a0
 422 0434 03358701 		ld	a0,24(a4)
 423 0438 97000000 		call	_ZN11ObjectCache8free_objEPv@plt
GAS LISTING /tmp/cc5VWh9z.s 			page 9


 423      E7800000 
 424 0440 13850400 		mv	a0,s1
 425 0444 83308101 		ld	ra,24(sp)
 426              		.cfi_restore 1
 427 0448 03340101 		ld	s0,16(sp)
 428              		.cfi_restore 8
 429              		.cfi_def_cfa 2, 32
 430 044c 83348100 		ld	s1,8(sp)
 431              		.cfi_restore 9
 432 0450 13010102 		addi	sp,sp,32
 433              		.cfi_def_cfa_offset 0
 434 0454 67800000 		jr	ra
 435              		.cfi_endproc
 436              	.LFE117:
 438              		.section	.rodata.str1.8
 439 006a 00000000 		.align	3
 439      0000
 440              	.LC4:
 441 0070 4D454D5F 		.string	"MEM_ALLOC_FREEE GRESKA\n"
 441      414C4C4F 
 441      435F4652 
 441      45454520 
 441      47524553 
 442              		.align	3
 443              	.LC5:
 444 0088 6164723A 		.string	"adr: "
 444      2000
 445 008e 0000     		.align	3
 446              	.LC6:
 447 0090 52697363 		.string	"Riscv::r_sepc(): "
 447      763A3A72 
 447      5F736570 
 447      6328293A 
 447      2000
 448              		.text
 449              		.align	2
 450              		.globl	_ZN15MemoryAllocator8mem_freeEPv
 452              	_ZN15MemoryAllocator8mem_freeEPv:
 453              	.LFB118:
 454              		.cfi_startproc
 455 0458 130101FC 		addi	sp,sp,-64
 456              		.cfi_def_cfa_offset 64
 457 045c 233C1102 		sd	ra,56(sp)
 458 0460 23388102 		sd	s0,48(sp)
 459 0464 23349102 		sd	s1,40(sp)
 460 0468 23302103 		sd	s2,32(sp)
 461 046c 233C3101 		sd	s3,24(sp)
 462 0470 23384101 		sd	s4,16(sp)
 463              		.cfi_offset 1, -8
 464              		.cfi_offset 8, -16
 465              		.cfi_offset 9, -24
 466              		.cfi_offset 18, -32
 467              		.cfi_offset 19, -40
 468              		.cfi_offset 20, -48
 469 0474 13040104 		addi	s0,sp,64
 470              		.cfi_def_cfa 8, 0
 471 0478 130A0500 		mv	s4,a0
GAS LISTING /tmp/cc5VWh9z.s 			page 10


 472 047c 13890500 		mv	s2,a1
 473 0480 97000000 		call	_ZN15MemoryAllocator27getAndRemoveFreeSegmentMetaEPv
 473      E7800000 
 474 0488 630C0500 		beq	a0,zero,.L72
 475 048c 93090500 		mv	s3,a0
 476 0490 83378A00 		ld	a5,8(s4)
 477 0494 638A0708 		beq	a5,zero,.L73
 478 0498 93040000 		li	s1,0
 479 049c 6F00800A 		j	.L63
 480              	.L72:
 481 04a0 17050000 		lla	a0,.LC4
 481      13050500 
 482 04a8 97000000 		call	_Z12kprintStringPKc@plt
 482      E7800000 
 483 04b0 17050000 		lla	a0,.LC5
 483      13050500 
 484 04b8 97000000 		call	_Z12kprintStringPKc@plt
 484      E7800000 
 485 04c0 13060000 		li	a2,0
 486 04c4 93050001 		li	a1,16
 487 04c8 13050900 		mv	a0,s2
 488 04cc 97000000 		call	_Z9kprintIntmib@plt
 488      E7800000 
 489 04d4 17050000 		lla	a0,.LC3
 489      13050500 
 490 04dc 97000000 		call	_Z12kprintStringPKc@plt
 490      E7800000 
 491 04e4 17050000 		lla	a0,.LC6
 491      13050500 
 492 04ec 97000000 		call	_Z12kprintStringPKc@plt
 492      E7800000 
 493              	#APP
 494              	# 146 "src/kernel/mmanagement/../../../h/../h/riscv.hpp" 1
   1              	#ifndef __riscv__
   2              	#define __riscv__
   3              	
   4              	#include"../lib/hw.h"
   5              	
   6              	class Riscv{
   7              	public:
   8              	/* 
   9              	--------------------SUPERVISOR REGISTERS--------------------    
  10              	*/
  11              	    static void w_scause(uint64);
  12              	    static uint64 r_scause(); 
  13              	
  14              	    static void w_sepc(uint64);
  15              	    static uint64 r_sepc();
  16              	    static void ni_sepc();
  17              	
  18              	    static void w_stvec(uint64);
  19              	    static uint64 r_stvec();
  20              	     
  21              	    static void w_stval(uint64);
  22              	    static uint64 r_stval();
  23              	
  24              	    static void w_satp(uint64);
GAS LISTING /tmp/cc5VWh9z.s 			page 11


  25              	    static uint64 r_satp();
  26              	    
  27              	    enum BitMaskSip{
  28              	        SIP_SSIE = (1<<1),
  29              	        SIP_STIE = (1<<5),
  30              	        SIP_SEIE = (1<<9),
  31              	    };
  32              	
  33              	    static void ms_sip(uint64);
  34              	    static void mc_sip(uint64);
  35              	
  36              	    static void w_sip(uint64);
  37              	    static uint64 r_sip();
  38              	
  39              	    static void ms_sie(uint64);
  40              	    static void mc_sie(uint64);
  41              	
  42              	    static void w_sie(uint64);
  43              	    static uint64 r_sie();
  44              	
  45              	    enum BitMaskSstatus{
  46              	        SSTATUS_SIE = (1<<1),
  47              	        SSTATUS_SPIE = (1<<5),
  48              	        SSTATUS_SPP = (1<<8),
  49              	        SSTATUS_SUM = (1<<18),
  50              	    };
  51              	
  52              	    static void ms_sstatus(uint64);
  53              	    static void mc_sstatus(uint64);
  54              	
  55              	    static void w_sstatus(uint64);
  56              	    static uint64 r_sstatus();
  57              	
  58              	/* 
  59              	--------------------CLASSIC REGISTERS--------------------    
  60              	*/
  61              	    static uint64 r_sp();
  62              	    static uint64 r_a0(); /* parameter registers */
  63              	    static uint64 s_a0(uint64 a0);
  64              	    static uint64 r_a1();
  65              	    static uint64 r_a2();
  66              	    static uint64 r_a3();
  67              	    static uint64 r_a4();
  68              	
  69              	    static void popRegisters(); /* pop all context registers */
  70              	    static void pushRegisters(); /* push all context registers */
  71              	 
  72              	    static void popSppSpie(); /* jump from kernel to start of thread */
  73              	
  74              	/* 
  75              	--------------------CONSOLE REGISTERS--------------------    
  76              	*/
  77              	    static void mc_cstatus(uint64 mask); 
  78              	    static bool cstatus_ready(uint64 mask);
  79              	};
  80              	
  81              	/* 
GAS LISTING /tmp/cc5VWh9z.s 			page 12


  82              	--------------------CLASSIC REGISTERS--------------------    
  83              	*/
  84              	
  85              	inline uint64 Riscv::r_sp(){
  86              	    uint64 a0;
  87              	    asm volatile("mv %0, sp" : "=r" (a0));
  88              	    return a0;
  89              	}
  90              	
  91              	inline uint64 Riscv::r_a0(){
  92              	    uint64 a0;
  93              	    asm volatile("mv %0, a0" : "=r" (a0));
  94              	    return a0;
  95              	}
  96              	
  97              	inline uint64 Riscv::r_a1(){
  98              	    uint64 a0;
  99              	    asm volatile("mv %0, a1" : "=r" (a0));
 100              	    return a0;
 101              	}
 102              	
 103              	inline uint64 Riscv::r_a2(){
 104              	    uint64 a0;
 105              	    asm volatile("mv %0, a2" : "=r" (a0));
 106              	    return a0;
 107              	}
 108              	
 109              	inline uint64 Riscv::r_a3(){
 110              	    uint64 a0;
 111              	    asm volatile("mv %0, a3" : "=r" (a0));
 112              	    return a0;
 113              	}
 114              	
 115              	inline uint64 Riscv::r_a4(){
 116              	    uint64 a0;
 117              	    asm volatile("mv %0, a4" : "=r" (a0));
 118              	    return a0;
 119              	}
 120              	
 121              	
 122              	inline uint64 Riscv::s_a0(uint64 a0){
 123              	    return a0;
 124              	}
 125              	
 126              	/* 
 127              	--------------------SUPERVISOR REGISTERS--------------------    
 128              	*/
 129              	
 130              	inline void Riscv::w_scause(uint64 scause){
 131              	    asm volatile("csrw scause, %0" : : "r" (scause));
 132              	}
 133              	
 134              	inline uint64 Riscv::r_scause(){
 135              	    uint64 volatile scause;
 136              	    asm volatile("csrr %0, scause" : "=r" (scause));
 137              	    return scause;
 138              	} 
GAS LISTING /tmp/cc5VWh9z.s 			page 13


 139              	
 140              	inline void Riscv::w_sepc(uint64 sepc){
 141              	    asm volatile("csrw sepc, %0" : : "r" (sepc));
 142              	}
 143              	
 144              	inline uint64 Riscv::r_sepc(){
 145              	    uint64 volatile sepc;
 146 04f4 F3271014 	    asm volatile("csrr %0, sepc" : "=r" (sepc));
 147              	    return sepc;
 495              		csrr a5, sepc
 496              	# 0 "" 2
 497              	#NO_APP
 498 04f8 2334F4FC 		sd	a5,-56(s0)
 499 04fc 033584FC 		ld	a0,-56(s0)
 500 0500 13060000 		li	a2,0
 501 0504 93050001 		li	a1,16
 502 0508 97000000 		call	_Z9kprintIntmib@plt
 502      E7800000 
 503 0510 17050000 		lla	a0,.LC3
 503      13050500 
 504 0518 97000000 		call	_Z12kprintStringPKc@plt
 504      E7800000 
 505 0520 1305F0FF 		li	a0,-1
 506 0524 6F008006 		j	.L62
 507              	.L73:
 508 0528 2334AA00 		sd	a0,8(s4)
 509 052c 13050000 		li	a0,0
 510 0530 6F00C005 		j	.L62
 511              	.L64:
 512 0534 03B70701 		ld	a4,16(a5)
 513 0538 6360E902 		bgtu	a4,s2,.L66
 514              	.L65:
 515 053c 93840700 		mv	s1,a5
 516 0540 83B70700 		ld	a5,0(a5)
 517              	.L63:
 518 0544 638A0700 		beq	a5,zero,.L66
 519 0548 E38604FE 		beq	s1,zero,.L64
 520 054c 03B70401 		ld	a4,16(s1)
 521 0550 E37627FF 		bgeu	a4,s2,.L65
 522 0554 6FF01FFE 		j	.L64
 523              	.L66:
 524 0558 23B0F900 		sd	a5,0(s3)
 525 055c 638A0700 		beq	a5,zero,.L68
 526 0560 93850900 		mv	a1,s3
 527 0564 13050A00 		mv	a0,s4
 528 0568 97000000 		call	_ZN15MemoryAllocator13mergeWithNextEP11FreeSegment
 528      E7800000 
 529              	.L68:
 530 0570 638E0402 		beq	s1,zero,.L69
 531 0574 23B03401 		sd	s3,0(s1)
 532 0578 93850400 		mv	a1,s1
 533 057c 13050A00 		mv	a0,s4
 534 0580 97000000 		call	_ZN15MemoryAllocator13mergeWithNextEP11FreeSegment
 534      E7800000 
 535 0588 13050000 		li	a0,0
 536              	.L62:
 537 058c 83308103 		ld	ra,56(sp)
GAS LISTING /tmp/cc5VWh9z.s 			page 14


 538              		.cfi_remember_state
 539              		.cfi_restore 1
 540 0590 03340103 		ld	s0,48(sp)
 541              		.cfi_restore 8
 542              		.cfi_def_cfa 2, 64
 543 0594 83348102 		ld	s1,40(sp)
 544              		.cfi_restore 9
 545 0598 03390102 		ld	s2,32(sp)
 546              		.cfi_restore 18
 547 059c 83398101 		ld	s3,24(sp)
 548              		.cfi_restore 19
 549 05a0 033A0101 		ld	s4,16(sp)
 550              		.cfi_restore 20
 551 05a4 13010104 		addi	sp,sp,64
 552              		.cfi_def_cfa_offset 0
 553 05a8 67800000 		jr	ra
 554              	.L69:
 555              		.cfi_restore_state
 556 05ac 23343A01 		sd	s3,8(s4)
 557 05b0 13050000 		li	a0,0
 558 05b4 6FF09FFD 		j	.L62
 559              		.cfi_endproc
 560              	.LFE118:
 562              		.align	2
 563              		.globl	_ZN15MemoryAllocator18getFreeSegmentMetaEPv
 565              	_ZN15MemoryAllocator18getFreeSegmentMetaEPv:
 566              	.LFB119:
 567              		.cfi_startproc
 568 05b8 130101FF 		addi	sp,sp,-16
 569              		.cfi_def_cfa_offset 16
 570 05bc 23348100 		sd	s0,8(sp)
 571              		.cfi_offset 8, -8
 572 05c0 13040101 		addi	s0,sp,16
 573              		.cfi_def_cfa 8, 0
 574 05c4 97070000 		la	a5,_ZN7NoAlloc16NOALLOC_END_ADDRE
 574      83B70700 
 575 05cc 83B70700 		ld	a5,0(a5)
 576 05d0 9387F7FF 		addi	a5,a5,-1
 577 05d4 37F7FFFF 		li	a4,-4096
 578 05d8 B3F7E700 		and	a5,a5,a4
 579 05dc 37170000 		li	a4,4096
 580 05e0 B387E700 		add	a5,a5,a4
 581 05e4 63E2F504 		bgtu	a5,a1,.L79
 582 05e8 97070000 		la	a5,HEAP_END_ADDR
 582      83B70700 
 583 05f0 83B70700 		ld	a5,0(a5)
 584 05f4 63FEF502 		bleu	a5,a1,.L80
 585 05f8 03350501 		ld	a0,16(a0)
 586 05fc 6F008000 		j	.L76
 587              	.L77:
 588 0600 03350500 		ld	a0,0(a0)
 589              	.L76:
 590 0604 630C0500 		beq	a0,zero,.L74
 591 0608 83370501 		ld	a5,16(a0)
 592 060c E3EAF5FE 		bgtu	a5,a1,.L77
 593 0610 03378500 		ld	a4,8(a0)
 594 0614 B387E700 		add	a5,a5,a4
GAS LISTING /tmp/cc5VWh9z.s 			page 15


 595 0618 E3F4F5FE 		bleu	a5,a1,.L77
 596              	.L74:
 597 061c 03348100 		ld	s0,8(sp)
 598              		.cfi_remember_state
 599              		.cfi_restore 8
 600              		.cfi_def_cfa 2, 16
 601 0620 13010101 		addi	sp,sp,16
 602              		.cfi_def_cfa_offset 0
 603 0624 67800000 		jr	ra
 604              	.L79:
 605              		.cfi_restore_state
 606 0628 13050000 		li	a0,0
 607 062c 6FF01FFF 		j	.L74
 608              	.L80:
 609 0630 13050000 		li	a0,0
 610 0634 6FF09FFE 		j	.L74
 611              		.cfi_endproc
 612              	.LFE119:
 614              		.section	.rodata.str1.8
 615 00a2 00000000 		.align	3
 615      0000
 616              	.LC7:
 617 00a8 2D2D2D2D 		.string	"------Free Segment Lista------\n"
 617      2D2D4672 
 617      65652053 
 617      65676D65 
 617      6E74204C 
 618              		.align	3
 619              	.LC8:
 620 00c8 4C495354 		.string	"LISTA JE PRAZNA!\n"
 620      41204A45 
 620      20505241 
 620      5A4E4121 
 620      0A00
 621 00da 00000000 		.align	3
 621      0000
 622              	.LC9:
 623 00e0 2D2D2D2D 		.string	"------------------------------\n"
 623      2D2D2D2D 
 623      2D2D2D2D 
 623      2D2D2D2D 
 623      2D2D2D2D 
 624              		.text
 625              		.align	2
 626              		.globl	_ZN15MemoryAllocator10print_listEv
 628              	_ZN15MemoryAllocator10print_listEv:
 629              	.LFB120:
 630              		.cfi_startproc
 631 0638 130101FE 		addi	sp,sp,-32
 632              		.cfi_def_cfa_offset 32
 633 063c 233C1100 		sd	ra,24(sp)
 634 0640 23388100 		sd	s0,16(sp)
 635 0644 23349100 		sd	s1,8(sp)
 636              		.cfi_offset 1, -8
 637              		.cfi_offset 8, -16
 638              		.cfi_offset 9, -24
 639 0648 13040102 		addi	s0,sp,32
GAS LISTING /tmp/cc5VWh9z.s 			page 16


 640              		.cfi_def_cfa 8, 0
 641 064c 93040500 		mv	s1,a0
 642 0650 17050000 		lla	a0,.LC7
 642      13050500 
 643 0658 97000000 		call	_Z12kprintStringPKc@plt
 643      E7800000 
 644 0660 83B78400 		ld	a5,8(s1)
 645 0664 63860700 		beq	a5,zero,.L87
 646              	.L83:
 647 0668 83B48400 		ld	s1,8(s1)
 648 066c 6F008008 		j	.L84
 649              	.L87:
 650 0670 17050000 		lla	a0,.LC8
 650      13050500 
 651 0678 97000000 		call	_Z12kprintStringPKc@plt
 651      E7800000 
 652 0680 6FF09FFE 		j	.L83
 653              	.L85:
 654 0684 13060000 		li	a2,0
 655 0688 93050001 		li	a1,16
 656 068c 13850400 		mv	a0,s1
 657 0690 97000000 		call	_Z9kprintIntmib@plt
 657      E7800000 
 658 0698 17050000 		lla	a0,.LC3
 658      13050500 
 659 06a0 97000000 		call	_Z12kprintStringPKc@plt
 659      E7800000 
 660 06a8 13060000 		li	a2,0
 661 06ac 93050001 		li	a1,16
 662 06b0 03B58400 		ld	a0,8(s1)
 663 06b4 97000000 		call	_Z9kprintIntmib@plt
 663      E7800000 
 664 06bc 17050000 		lla	a0,.LC3
 664      13050500 
 665 06c4 97000000 		call	_Z12kprintStringPKc@plt
 665      E7800000 
 666 06cc 13060000 		li	a2,0
 667 06d0 93050001 		li	a1,16
 668 06d4 03B50401 		ld	a0,16(s1)
 669 06d8 97000000 		call	_Z9kprintIntmib@plt
 669      E7800000 
 670 06e0 17050000 		lla	a0,.LC3
 670      13050500 
 671 06e8 97000000 		call	_Z12kprintStringPKc@plt
 671      E7800000 
 672 06f0 83B40400 		ld	s1,0(s1)
 673              	.L84:
 674 06f4 E39804F8 		bne	s1,zero,.L85
 675 06f8 17050000 		lla	a0,.LC9
 675      13050500 
 676 0700 97000000 		call	_Z12kprintStringPKc@plt
 676      E7800000 
 677 0708 83308101 		ld	ra,24(sp)
 678              		.cfi_restore 1
 679 070c 03340101 		ld	s0,16(sp)
 680              		.cfi_restore 8
 681              		.cfi_def_cfa 2, 32
GAS LISTING /tmp/cc5VWh9z.s 			page 17


 682 0710 83348100 		ld	s1,8(sp)
 683              		.cfi_restore 9
 684 0714 13010102 		addi	sp,sp,32
 685              		.cfi_def_cfa_offset 0
 686 0718 67800000 		jr	ra
 687              		.cfi_endproc
 688              	.LFE120:
 690              		.section	.rodata.str1.8
 691              		.align	3
 692              	.LC10:
 693 0100 2D2D2D2D 		.string	"------Allocated Segment Lista------\n"
 693      2D2D416C 
 693      6C6F6361 
 693      74656420 
 693      5365676D 
 694              		.text
 695              		.align	2
 696              		.globl	_ZN15MemoryAllocator14print_all_listEv
 698              	_ZN15MemoryAllocator14print_all_listEv:
 699              	.LFB121:
 700              		.cfi_startproc
 701 071c 130101FE 		addi	sp,sp,-32
 702              		.cfi_def_cfa_offset 32
 703 0720 233C1100 		sd	ra,24(sp)
 704 0724 23388100 		sd	s0,16(sp)
 705 0728 23349100 		sd	s1,8(sp)
 706              		.cfi_offset 1, -8
 707              		.cfi_offset 8, -16
 708              		.cfi_offset 9, -24
 709 072c 13040102 		addi	s0,sp,32
 710              		.cfi_def_cfa 8, 0
 711 0730 93040500 		mv	s1,a0
 712 0734 17050000 		lla	a0,.LC10
 712      13050500 
 713 073c 97000000 		call	_Z12kprintStringPKc@plt
 713      E7800000 
 714 0744 83B70401 		ld	a5,16(s1)
 715 0748 63860700 		beq	a5,zero,.L93
 716              	.L89:
 717 074c 83B40401 		ld	s1,16(s1)
 718 0750 6F008009 		j	.L90
 719              	.L93:
 720 0754 17050000 		lla	a0,.LC8
 720      13050500 
 721 075c 97000000 		call	_Z12kprintStringPKc@plt
 721      E7800000 
 722 0764 6FF09FFE 		j	.L89
 723              	.L91:
 724 0768 13060000 		li	a2,0
 725 076c 93050001 		li	a1,16
 726 0770 13850400 		mv	a0,s1
 727 0774 97000000 		call	_Z9kprintIntmib@plt
 727      E7800000 
 728 077c 17050000 		lla	a0,.LC3
 728      13050500 
 729 0784 97000000 		call	_Z12kprintStringPKc@plt
 729      E7800000 
GAS LISTING /tmp/cc5VWh9z.s 			page 18


 730 078c 13060000 		li	a2,0
 731 0790 93050001 		li	a1,16
 732 0794 03B58400 		ld	a0,8(s1)
 733 0798 97000000 		call	_Z9kprintIntmib@plt
 733      E7800000 
 734 07a0 17050000 		lla	a0,.LC3
 734      13050500 
 735 07a8 97000000 		call	_Z12kprintStringPKc@plt
 735      E7800000 
 736 07b0 13060000 		li	a2,0
 737 07b4 93050001 		li	a1,16
 738 07b8 03B50401 		ld	a0,16(s1)
 739 07bc 97000000 		call	_Z9kprintIntmib@plt
 739      E7800000 
 740 07c4 17050000 		lla	a0,.LC3
 740      13050500 
 741 07cc 97000000 		call	_Z12kprintStringPKc@plt
 741      E7800000 
 742 07d4 17050000 		lla	a0,.LC3
 742      13050500 
 743 07dc 97000000 		call	_Z12kprintStringPKc@plt
 743      E7800000 
 744 07e4 83B40400 		ld	s1,0(s1)
 745              	.L90:
 746 07e8 E39004F8 		bne	s1,zero,.L91
 747 07ec 17050000 		lla	a0,.LC9
 747      13050500 
 748 07f4 97000000 		call	_Z12kprintStringPKc@plt
 748      E7800000 
 749 07fc 83308101 		ld	ra,24(sp)
 750              		.cfi_restore 1
 751 0800 03340101 		ld	s0,16(sp)
 752              		.cfi_restore 8
 753              		.cfi_def_cfa 2, 32
 754 0804 83348100 		ld	s1,8(sp)
 755              		.cfi_restore 9
 756 0808 13010102 		addi	sp,sp,32
 757              		.cfi_def_cfa_offset 0
 758 080c 67800000 		jr	ra
 759              		.cfi_endproc
 760              	.LFE121:
 762              		.globl	_ZN15MemoryAllocator9allocatorE
 763              		.bss
 764              		.align	3
 765              		.set	.LANCHOR0,. + 0
 768              	_ZN15MemoryAllocator9allocatorE:
 769 0000 00000000 		.zero	8
 769      00000000 
 770              		.hidden	DW.ref.__gxx_personality_v0
 771              		.weak	DW.ref.__gxx_personality_v0
 772              		.section	.data.rel.local.DW.ref.__gxx_personality_v0,"awG",@progbits,DW.ref.__gxx_personality_v0,c
 773              		.align	3
 776              	DW.ref.__gxx_personality_v0:
 777 0000 00000000 		.dword	__gxx_personality_v0
 777      00000000 
 778              		.ident	"GCC: (GNU) 12.2.0"
 779              		.section	.note.GNU-stack,"",@progbits
GAS LISTING /tmp/cc5VWh9z.s 			page 19


GAS LISTING /tmp/cc5VWh9z.s 			page 20


DEFINED SYMBOLS
                            *ABS*:0000000000000000 memory_allocator.cpp
     /tmp/cc5VWh9z.s:25     .text:0000000000000000 _ZN15MemoryAllocator11getInstanceEv
     /tmp/cc5VWh9z.s:27     .text:0000000000000000 .L0 
     /tmp/cc5VWh9z.s:776    .data.rel.local.DW.ref.__gxx_personality_v0:0000000000000000 DW.ref.__gxx_personality_v0
     /tmp/cc5VWh9z.s:30     .text:0000000000000000 $x
     /tmp/cc5VWh9z.s:36     .text:000000000000001c .L0 
     /tmp/cc5VWh9z.s:41     .text:000000000000002c .L0 
     /tmp/cc5VWh9z.s:42     .text:000000000000002c .L0 
     /tmp/cc5VWh9z.s:43     .text:000000000000002c .L0 
     /tmp/cc5VWh9z.s:44     .text:000000000000002c .L0 
     /tmp/cc5VWh9z.s:46     .text:0000000000000030 .L0 
     /tmp/cc5VWh9z.s:105    .text:0000000000000144 .L0 
     /tmp/cc5VWh9z.s:106    .text:0000000000000144 .L0 
     /tmp/cc5VWh9z.s:108    .text:0000000000000148 .L0 
     /tmp/cc5VWh9z.s:109    .text:0000000000000148 .L0 
     /tmp/cc5VWh9z.s:111    .text:000000000000014c .L0 
     /tmp/cc5VWh9z.s:113    .text:0000000000000150 .L0 
     /tmp/cc5VWh9z.s:115    .text:0000000000000154 .L0 
     /tmp/cc5VWh9z.s:118    .text:0000000000000158 .L0 
     /tmp/cc5VWh9z.s:132    .text:0000000000000188 .L0 
     /tmp/cc5VWh9z.s:162    .text:0000000000000188 _ZN15MemoryAllocator9mem_allocEm
     /tmp/cc5VWh9z.s:164    .text:0000000000000188 .L0 
     /tmp/cc5VWh9z.s:166    .text:000000000000018c .L0 
     /tmp/cc5VWh9z.s:173    .text:00000000000001a4 .L0 
     /tmp/cc5VWh9z.s:174    .text:00000000000001a4 .L0 
     /tmp/cc5VWh9z.s:175    .text:00000000000001a4 .L0 
     /tmp/cc5VWh9z.s:176    .text:00000000000001a4 .L0 
     /tmp/cc5VWh9z.s:177    .text:00000000000001a4 .L0 
     /tmp/cc5VWh9z.s:178    .text:00000000000001a4 .L0 
     /tmp/cc5VWh9z.s:180    .text:00000000000001a8 .L0 
     /tmp/cc5VWh9z.s:226    .text:0000000000000248 .L0 
     /tmp/cc5VWh9z.s:227    .text:0000000000000248 .L0 
     /tmp/cc5VWh9z.s:229    .text:000000000000024c .L0 
     /tmp/cc5VWh9z.s:230    .text:000000000000024c .L0 
     /tmp/cc5VWh9z.s:232    .text:0000000000000250 .L0 
     /tmp/cc5VWh9z.s:234    .text:0000000000000254 .L0 
     /tmp/cc5VWh9z.s:236    .text:0000000000000258 .L0 
     /tmp/cc5VWh9z.s:238    .text:000000000000025c .L0 
     /tmp/cc5VWh9z.s:240    .text:0000000000000260 .L0 
     /tmp/cc5VWh9z.s:243    .text:0000000000000264 .L0 
     /tmp/cc5VWh9z.s:264    .text:00000000000002b0 .L0 
     /tmp/cc5VWh9z.s:270    .text:00000000000002b0 _ZN15MemoryAllocator17wantToFreeAddressEPv
     /tmp/cc5VWh9z.s:272    .text:00000000000002b0 .L0 
     /tmp/cc5VWh9z.s:274    .text:00000000000002b4 .L0 
     /tmp/cc5VWh9z.s:276    .text:00000000000002b8 .L0 
     /tmp/cc5VWh9z.s:278    .text:00000000000002bc .L0 
     /tmp/cc5VWh9z.s:312    .text:000000000000032c .L0 
     /tmp/cc5VWh9z.s:313    .text:000000000000032c .L0 
     /tmp/cc5VWh9z.s:314    .text:000000000000032c .L0 
     /tmp/cc5VWh9z.s:316    .text:0000000000000330 .L0 
     /tmp/cc5VWh9z.s:319    .text:0000000000000334 .L0 
     /tmp/cc5VWh9z.s:325    .text:0000000000000344 .L0 
     /tmp/cc5VWh9z.s:331    .text:0000000000000344 _ZN15MemoryAllocator27getAndRemoveFreeSegmentMetaEPv
     /tmp/cc5VWh9z.s:333    .text:0000000000000344 .L0 
     /tmp/cc5VWh9z.s:335    .text:0000000000000348 .L0 
     /tmp/cc5VWh9z.s:337    .text:000000000000034c .L0 
GAS LISTING /tmp/cc5VWh9z.s 			page 21


     /tmp/cc5VWh9z.s:339    .text:0000000000000350 .L0 
     /tmp/cc5VWh9z.s:370    .text:00000000000003c0 .L0 
     /tmp/cc5VWh9z.s:371    .text:00000000000003c0 .L0 
     /tmp/cc5VWh9z.s:372    .text:00000000000003c0 .L0 
     /tmp/cc5VWh9z.s:374    .text:00000000000003c4 .L0 
     /tmp/cc5VWh9z.s:377    .text:00000000000003c8 .L0 
     /tmp/cc5VWh9z.s:387    .text:00000000000003e4 .L0 
     /tmp/cc5VWh9z.s:393    .text:00000000000003e4 _ZN15MemoryAllocator13mergeWithNextEP11FreeSegment
     /tmp/cc5VWh9z.s:395    .text:00000000000003e4 .L0 
     /tmp/cc5VWh9z.s:406    .text:0000000000000408 .L0 
     /tmp/cc5VWh9z.s:410    .text:0000000000000414 .L0 
     /tmp/cc5VWh9z.s:411    .text:0000000000000414 .L0 
     /tmp/cc5VWh9z.s:412    .text:0000000000000414 .L0 
     /tmp/cc5VWh9z.s:414    .text:0000000000000418 .L0 
     /tmp/cc5VWh9z.s:426    .text:0000000000000448 .L0 
     /tmp/cc5VWh9z.s:428    .text:000000000000044c .L0 
     /tmp/cc5VWh9z.s:429    .text:000000000000044c .L0 
     /tmp/cc5VWh9z.s:431    .text:0000000000000450 .L0 
     /tmp/cc5VWh9z.s:433    .text:0000000000000454 .L0 
     /tmp/cc5VWh9z.s:435    .text:0000000000000458 .L0 
     /tmp/cc5VWh9z.s:452    .text:0000000000000458 _ZN15MemoryAllocator8mem_freeEPv
     /tmp/cc5VWh9z.s:454    .text:0000000000000458 .L0 
     /tmp/cc5VWh9z.s:456    .text:000000000000045c .L0 
     /tmp/cc5VWh9z.s:463    .text:0000000000000474 .L0 
     /tmp/cc5VWh9z.s:464    .text:0000000000000474 .L0 
     /tmp/cc5VWh9z.s:465    .text:0000000000000474 .L0 
     /tmp/cc5VWh9z.s:466    .text:0000000000000474 .L0 
     /tmp/cc5VWh9z.s:467    .text:0000000000000474 .L0 
     /tmp/cc5VWh9z.s:468    .text:0000000000000474 .L0 
     /tmp/cc5VWh9z.s:470    .text:0000000000000478 .L0 
     /tmp/cc5VWh9z.s:538    .text:0000000000000590 .L0 
     /tmp/cc5VWh9z.s:539    .text:0000000000000590 .L0 
     /tmp/cc5VWh9z.s:541    .text:0000000000000594 .L0 
     /tmp/cc5VWh9z.s:542    .text:0000000000000594 .L0 
     /tmp/cc5VWh9z.s:544    .text:0000000000000598 .L0 
     /tmp/cc5VWh9z.s:546    .text:000000000000059c .L0 
     /tmp/cc5VWh9z.s:548    .text:00000000000005a0 .L0 
     /tmp/cc5VWh9z.s:550    .text:00000000000005a4 .L0 
     /tmp/cc5VWh9z.s:552    .text:00000000000005a8 .L0 
     /tmp/cc5VWh9z.s:555    .text:00000000000005ac .L0 
     /tmp/cc5VWh9z.s:559    .text:00000000000005b8 .L0 
     /tmp/cc5VWh9z.s:565    .text:00000000000005b8 _ZN15MemoryAllocator18getFreeSegmentMetaEPv
     /tmp/cc5VWh9z.s:567    .text:00000000000005b8 .L0 
     /tmp/cc5VWh9z.s:569    .text:00000000000005bc .L0 
     /tmp/cc5VWh9z.s:571    .text:00000000000005c0 .L0 
     /tmp/cc5VWh9z.s:573    .text:00000000000005c4 .L0 
     /tmp/cc5VWh9z.s:598    .text:0000000000000620 .L0 
     /tmp/cc5VWh9z.s:599    .text:0000000000000620 .L0 
     /tmp/cc5VWh9z.s:600    .text:0000000000000620 .L0 
     /tmp/cc5VWh9z.s:602    .text:0000000000000624 .L0 
     /tmp/cc5VWh9z.s:605    .text:0000000000000628 .L0 
     /tmp/cc5VWh9z.s:611    .text:0000000000000638 .L0 
     /tmp/cc5VWh9z.s:628    .text:0000000000000638 _ZN15MemoryAllocator10print_listEv
     /tmp/cc5VWh9z.s:630    .text:0000000000000638 .L0 
     /tmp/cc5VWh9z.s:632    .text:000000000000063c .L0 
     /tmp/cc5VWh9z.s:636    .text:0000000000000648 .L0 
     /tmp/cc5VWh9z.s:637    .text:0000000000000648 .L0 
GAS LISTING /tmp/cc5VWh9z.s 			page 22


     /tmp/cc5VWh9z.s:638    .text:0000000000000648 .L0 
     /tmp/cc5VWh9z.s:640    .text:000000000000064c .L0 
     /tmp/cc5VWh9z.s:678    .text:000000000000070c .L0 
     /tmp/cc5VWh9z.s:680    .text:0000000000000710 .L0 
     /tmp/cc5VWh9z.s:681    .text:0000000000000710 .L0 
     /tmp/cc5VWh9z.s:683    .text:0000000000000714 .L0 
     /tmp/cc5VWh9z.s:685    .text:0000000000000718 .L0 
     /tmp/cc5VWh9z.s:687    .text:000000000000071c .L0 
     /tmp/cc5VWh9z.s:698    .text:000000000000071c _ZN15MemoryAllocator14print_all_listEv
     /tmp/cc5VWh9z.s:700    .text:000000000000071c .L0 
     /tmp/cc5VWh9z.s:702    .text:0000000000000720 .L0 
     /tmp/cc5VWh9z.s:706    .text:000000000000072c .L0 
     /tmp/cc5VWh9z.s:707    .text:000000000000072c .L0 
     /tmp/cc5VWh9z.s:708    .text:000000000000072c .L0 
     /tmp/cc5VWh9z.s:710    .text:0000000000000730 .L0 
     /tmp/cc5VWh9z.s:750    .text:0000000000000800 .L0 
     /tmp/cc5VWh9z.s:752    .text:0000000000000804 .L0 
     /tmp/cc5VWh9z.s:753    .text:0000000000000804 .L0 
     /tmp/cc5VWh9z.s:755    .text:0000000000000808 .L0 
     /tmp/cc5VWh9z.s:757    .text:000000000000080c .L0 
     /tmp/cc5VWh9z.s:759    .text:0000000000000810 .L0 
     /tmp/cc5VWh9z.s:768    .bss:0000000000000000 _ZN15MemoryAllocator9allocatorE
     /tmp/cc5VWh9z.s:765    .bss:0000000000000000 .LANCHOR0
     /tmp/cc5VWh9z.s:30     .text:0000000000000000 .L0 
     /tmp/cc5VWh9z.s:32     .text:000000000000000c .L0 
     /tmp/cc5VWh9z.s:51     .text:0000000000000044 .L0 
     /tmp/cc5VWh9z.s:10     .rodata.str1.8:0000000000000000 .LC0
     /tmp/cc5VWh9z.s:61     .text:0000000000000070 .L0 
     /tmp/cc5VWh9z.s:66     .text:0000000000000080 .L0 
     /tmp/cc5VWh9z.s:74     .text:00000000000000a4 .L0 
     /tmp/cc5VWh9z.s:78     .text:00000000000000b8 .L0 
     /tmp/cc5VWh9z.s:16     .rodata.str1.8:0000000000000040 .LC2
     /tmp/cc5VWh9z.s:85     .text:00000000000000d8 .L0 
     /tmp/cc5VWh9z.s:19     .rodata.str1.8:0000000000000068 .LC3
     /tmp/cc5VWh9z.s:91     .text:00000000000000fc .L0 
     /tmp/cc5VWh9z.s:97     .text:000000000000011c .L0 
     /tmp/cc5VWh9z.s:103    .text:0000000000000138 .L0 
     /tmp/cc5VWh9z.s:13     .rodata.str1.8:0000000000000018 .LC1
     /tmp/cc5VWh9z.s:119    .text:0000000000000158 .L0 
     /tmp/cc5VWh9z.s:279    .text:00000000000002bc .L0 
     /tmp/cc5VWh9z.s:282    .text:00000000000002cc .L0 
     /tmp/cc5VWh9z.s:340    .text:0000000000000350 .L0 
     /tmp/cc5VWh9z.s:349    .text:0000000000000378 .L0 
     /tmp/cc5VWh9z.s:440    .rodata.str1.8:0000000000000070 .LC4
     /tmp/cc5VWh9z.s:481    .text:00000000000004a0 .L0 
     /tmp/cc5VWh9z.s:443    .rodata.str1.8:0000000000000088 .LC5
     /tmp/cc5VWh9z.s:483    .text:00000000000004b0 .L0 
     /tmp/cc5VWh9z.s:489    .text:00000000000004d4 .L0 
     /tmp/cc5VWh9z.s:446    .rodata.str1.8:0000000000000090 .LC6
     /tmp/cc5VWh9z.s:491    .text:00000000000004e4 .L0 
     /tmp/cc5VWh9z.s:503    .text:0000000000000510 .L0 
     /tmp/cc5VWh9z.s:574    .text:00000000000005c4 .L0 
     /tmp/cc5VWh9z.s:582    .text:00000000000005e8 .L0 
     /tmp/cc5VWh9z.s:616    .rodata.str1.8:00000000000000a8 .LC7
     /tmp/cc5VWh9z.s:642    .text:0000000000000650 .L0 
     /tmp/cc5VWh9z.s:619    .rodata.str1.8:00000000000000c8 .LC8
     /tmp/cc5VWh9z.s:650    .text:0000000000000670 .L0 
GAS LISTING /tmp/cc5VWh9z.s 			page 23


     /tmp/cc5VWh9z.s:658    .text:0000000000000698 .L0 
     /tmp/cc5VWh9z.s:664    .text:00000000000006bc .L0 
     /tmp/cc5VWh9z.s:670    .text:00000000000006e0 .L0 
     /tmp/cc5VWh9z.s:622    .rodata.str1.8:00000000000000e0 .LC9
     /tmp/cc5VWh9z.s:675    .text:00000000000006f8 .L0 
     /tmp/cc5VWh9z.s:692    .rodata.str1.8:0000000000000100 .LC10
     /tmp/cc5VWh9z.s:712    .text:0000000000000734 .L0 
     /tmp/cc5VWh9z.s:720    .text:0000000000000754 .L0 
     /tmp/cc5VWh9z.s:728    .text:000000000000077c .L0 
     /tmp/cc5VWh9z.s:734    .text:00000000000007a0 .L0 
     /tmp/cc5VWh9z.s:740    .text:00000000000007c4 .L0 
     /tmp/cc5VWh9z.s:742    .text:00000000000007d4 .L0 
     /tmp/cc5VWh9z.s:747    .text:00000000000007ec .L0 
     /tmp/cc5VWh9z.s:34     .text:0000000000000018 .L13
     /tmp/cc5VWh9z.s:65     .text:0000000000000080 .L3
     /tmp/cc5VWh9z.s:117    .text:0000000000000158 .L14
     /tmp/cc5VWh9z.s:122    .text:0000000000000168 .L5
     /tmp/cc5VWh9z.s:194    .text:00000000000001d4 .L16
     /tmp/cc5VWh9z.s:204    .text:00000000000001f8 .L28
     /tmp/cc5VWh9z.s:191    .text:00000000000001cc .L17
     /tmp/cc5VWh9z.s:188    .text:00000000000001c4 .L24
     /tmp/cc5VWh9z.s:223    .text:0000000000000240 .L15
     /tmp/cc5VWh9z.s:242    .text:0000000000000264 .L29
     /tmp/cc5VWh9z.s:258    .text:00000000000002a0 .L30
     /tmp/cc5VWh9z.s:261    .text:00000000000002a8 .L26
     /tmp/cc5VWh9z.s:209    .text:0000000000000208 .L21
     /tmp/cc5VWh9z.s:212    .text:0000000000000210 .L23
     /tmp/cc5VWh9z.s:308    .text:0000000000000324 .L38
     /tmp/cc5VWh9z.s:318    .text:0000000000000334 .L39
     /tmp/cc5VWh9z.s:291    .text:00000000000002f0 .L33
     /tmp/cc5VWh9z.s:295    .text:00000000000002fc .L34
     /tmp/cc5VWh9z.s:288    .text:00000000000002e8 .L42
     /tmp/cc5VWh9z.s:322    .text:000000000000033c .L40
     /tmp/cc5VWh9z.s:304    .text:0000000000000318 .L36
     /tmp/cc5VWh9z.s:310    .text:0000000000000328 .L32
     /tmp/cc5VWh9z.s:300    .text:000000000000030c .L37
     /tmp/cc5VWh9z.s:381    .text:00000000000003d4 .L50
     /tmp/cc5VWh9z.s:384    .text:00000000000003dc .L51
     /tmp/cc5VWh9z.s:361    .text:00000000000003a8 .L46
     /tmp/cc5VWh9z.s:354    .text:0000000000000390 .L45
     /tmp/cc5VWh9z.s:368    .text:00000000000003bc .L43
     /tmp/cc5VWh9z.s:376    .text:00000000000003c8 .L48
     /tmp/cc5VWh9z.s:366    .text:00000000000003b8 .L49
     /tmp/cc5VWh9z.s:404    .text:0000000000000404 .L59
     /tmp/cc5VWh9z.s:480    .text:00000000000004a0 .L72
     /tmp/cc5VWh9z.s:507    .text:0000000000000528 .L73
     /tmp/cc5VWh9z.s:517    .text:0000000000000544 .L63
     /tmp/cc5VWh9z.s:536    .text:000000000000058c .L62
     /tmp/cc5VWh9z.s:523    .text:0000000000000558 .L66
     /tmp/cc5VWh9z.s:511    .text:0000000000000534 .L64
     /tmp/cc5VWh9z.s:514    .text:000000000000053c .L65
     /tmp/cc5VWh9z.s:529    .text:0000000000000570 .L68
     /tmp/cc5VWh9z.s:554    .text:00000000000005ac .L69
     /tmp/cc5VWh9z.s:604    .text:0000000000000628 .L79
     /tmp/cc5VWh9z.s:608    .text:0000000000000630 .L80
     /tmp/cc5VWh9z.s:589    .text:0000000000000604 .L76
     /tmp/cc5VWh9z.s:596    .text:000000000000061c .L74
GAS LISTING /tmp/cc5VWh9z.s 			page 24


     /tmp/cc5VWh9z.s:587    .text:0000000000000600 .L77
     /tmp/cc5VWh9z.s:649    .text:0000000000000670 .L87
     /tmp/cc5VWh9z.s:673    .text:00000000000006f4 .L84
     /tmp/cc5VWh9z.s:646    .text:0000000000000668 .L83
     /tmp/cc5VWh9z.s:653    .text:0000000000000684 .L85
     /tmp/cc5VWh9z.s:719    .text:0000000000000754 .L93
     /tmp/cc5VWh9z.s:745    .text:00000000000007e8 .L90
     /tmp/cc5VWh9z.s:716    .text:000000000000074c .L89
     /tmp/cc5VWh9z.s:723    .text:0000000000000768 .L91
     /tmp/cc5VWh9z.s:47     .text:0000000000000030 .LEHB0
     /tmp/cc5VWh9z.s:26     .text:0000000000000000 .LFB113
     /tmp/cc5VWh9z.s:54     .text:0000000000000058 .LEHE0
     /tmp/cc5VWh9z.s:62     .text:0000000000000078 .LEHB1
     /tmp/cc5VWh9z.s:64     .text:0000000000000080 .LEHE1
     /tmp/cc5VWh9z.s:124    .text:000000000000016c .L7
     /tmp/cc5VWh9z.s:71     .text:0000000000000098 .LEHB2
     /tmp/cc5VWh9z.s:121    .text:0000000000000168 .LEHE2
     /tmp/cc5VWh9z.s:129    .text:0000000000000180 .LEHB3
     /tmp/cc5VWh9z.s:131    .text:0000000000000188 .LEHE3
     /tmp/cc5VWh9z.s:136    .gcc_except_table:0000000000000000 .LLSDA113

UNDEFINED SYMBOLS
_ZN13SlabAllocator11getInstanceEv
_ZN13SlabAllocator7kmallocEm
_ZN11ObjectCachenwEm
_ZN11ObjectCacheC1EPKcmPFvPvES4_NS_12SlabMetaTypeE
_ZN11ObjectCache9alloc_objEv
_ZN7NoAlloc16NOALLOC_END_ADDRE
_Z12kprintStringPKc
_Z9kprintIntmib
HEAP_END_ADDR
_ZN11ObjectCachedlEPv
_Unwind_Resume
__gxx_personality_v0
_ZN5Pager11getInstanceEv
_ZN5Pager6id_mapEPvS0_12PMTEntryBits
HEAP_START_ADDR
_ZN11ObjectCache8free_objEPv
